Component: ARM Compiler 5.05 update 2 (build 169) Tool: armlink [4d0f33]

==============================================================================

Section Cross References

    system_stm32f1xx.o(i.SystemCoreClockUpdate) refers to system_stm32f1xx.o(.data) for SystemCoreClock
    system_stm32f1xx.o(i.SystemCoreClockUpdate) refers to system_stm32f1xx.o(.constdata) for AHBPrescTable
    startup_stm32f103xb.o(RESET) refers to startup_stm32f103xb.o(STACK) for __initial_sp
    startup_stm32f103xb.o(RESET) refers to startup_stm32f103xb.o(.text) for Reset_Handler
    startup_stm32f103xb.o(RESET) refers to stm32f1xx_it.o(i.NMI_Handler) for NMI_Handler
    startup_stm32f103xb.o(RESET) refers to stm32f1xx_it.o(i.HardFault_Handler) for HardFault_Handler
    startup_stm32f103xb.o(RESET) refers to stm32f1xx_it.o(i.MemManage_Handler) for MemManage_Handler
    startup_stm32f103xb.o(RESET) refers to stm32f1xx_it.o(i.BusFault_Handler) for BusFault_Handler
    startup_stm32f103xb.o(RESET) refers to stm32f1xx_it.o(i.UsageFault_Handler) for UsageFault_Handler
    startup_stm32f103xb.o(RESET) refers to stm32f1xx_it.o(i.SVC_Handler) for SVC_Handler
    startup_stm32f103xb.o(RESET) refers to stm32f1xx_it.o(i.DebugMon_Handler) for DebugMon_Handler
    startup_stm32f103xb.o(RESET) refers to stm32f1xx_it.o(i.PendSV_Handler) for PendSV_Handler
    startup_stm32f103xb.o(RESET) refers to stm32f1xx_it.o(i.SysTick_Handler) for SysTick_Handler
    startup_stm32f103xb.o(RESET) refers to rtc.o(i.RTC_IRQHandler) for RTC_IRQHandler
    startup_stm32f103xb.o(RESET) refers to gpio.o(i.EXTI0_IRQHandler) for EXTI0_IRQHandler
    startup_stm32f103xb.o(RESET) refers to gpio.o(i.EXTI1_IRQHandler) for EXTI1_IRQHandler
    startup_stm32f103xb.o(RESET) refers to gpio.o(i.EXTI2_IRQHandler) for EXTI2_IRQHandler
    startup_stm32f103xb.o(RESET) refers to gpio.o(i.EXTI3_IRQHandler) for EXTI3_IRQHandler
    startup_stm32f103xb.o(RESET) refers to gpio.o(i.EXTI4_IRQHandler) for EXTI4_IRQHandler
    startup_stm32f103xb.o(RESET) refers to gpio.o(i.EXTI9_5_IRQHandler) for EXTI9_5_IRQHandler
    startup_stm32f103xb.o(RESET) refers to stm32f1xx_hal_timebase_tim_template.o(i.TIM2_IRQHandler) for TIM2_IRQHandler
    startup_stm32f103xb.o(RESET) refers to tim.o(i.TIM3_IRQHandler) for TIM3_IRQHandler
    startup_stm32f103xb.o(RESET) refers to usart.o(i.USART1_IRQHandler) for USART1_IRQHandler
    startup_stm32f103xb.o(RESET) refers to gpio.o(i.EXTI15_10_IRQHandler) for EXTI15_10_IRQHandler
    startup_stm32f103xb.o(RESET) refers to rtc.o(i.RTC_Alarm_IRQHandler) for RTC_Alarm_IRQHandler
    startup_stm32f103xb.o(.text) refers to system_stm32f1xx.o(i.SystemInit) for SystemInit
    startup_stm32f103xb.o(.text) refers to entry.o(.ARM.Collect$$$$00000000) for __main
    stm32f1xx_hal.o(i.HAL_DeInit) refers to stm32f1xx_hal_msp.o(i.HAL_MspDeInit) for HAL_MspDeInit
    stm32f1xx_hal.o(i.HAL_Delay) refers to stm32f1xx_hal.o(i.HAL_GetTick) for HAL_GetTick
    stm32f1xx_hal.o(i.HAL_GetTick) refers to stm32f1xx_hal.o(.data) for uwTick
    stm32f1xx_hal.o(i.HAL_IncTick) refers to stm32f1xx_hal.o(.data) for uwTick
    stm32f1xx_hal.o(i.HAL_Init) refers to stm32f1xx_hal_cortex.o(i.HAL_NVIC_SetPriorityGrouping) for HAL_NVIC_SetPriorityGrouping
    stm32f1xx_hal.o(i.HAL_Init) refers to stm32f1xx_hal_timebase_tim_template.o(i.HAL_InitTick) for HAL_InitTick
    stm32f1xx_hal.o(i.HAL_Init) refers to stm32f1xx_hal_msp.o(i.HAL_MspInit) for HAL_MspInit
    stm32f1xx_hal.o(i.HAL_InitTick) refers to stm32f1xx_hal_cortex.o(i.HAL_SYSTICK_Config) for HAL_SYSTICK_Config
    stm32f1xx_hal.o(i.HAL_InitTick) refers to stm32f1xx_hal_cortex.o(i.HAL_NVIC_SetPriority) for HAL_NVIC_SetPriority
    stm32f1xx_hal.o(i.HAL_InitTick) refers to system_stm32f1xx.o(.data) for SystemCoreClock
    stm32f1xx_hal_cortex.o(i.HAL_NVIC_GetPriorityGrouping) refers to stm32f1xx_hal_cortex.o(i.NVIC_GetPriorityGrouping) for NVIC_GetPriorityGrouping
    stm32f1xx_hal_cortex.o(i.HAL_NVIC_SetPriority) refers to stm32f1xx_hal_cortex.o(i.NVIC_GetPriorityGrouping) for NVIC_GetPriorityGrouping
    stm32f1xx_hal_cortex.o(i.HAL_NVIC_SetPriority) refers to stm32f1xx_hal_cortex.o(i.NVIC_SetPriority) for NVIC_SetPriority
    stm32f1xx_hal_cortex.o(i.HAL_SYSTICK_Config) refers to stm32f1xx_hal_cortex.o(i.NVIC_SetPriority) for NVIC_SetPriority
    stm32f1xx_hal_cortex.o(i.HAL_SYSTICK_IRQHandler) refers to clock.o(i.HAL_SYSTICK_Callback) for HAL_SYSTICK_Callback
    stm32f1xx_hal_dma.o(i.HAL_DMA_PollForTransfer) refers to stm32f1xx_hal.o(i.HAL_GetTick) for HAL_GetTick
    stm32f1xx_hal_dma.o(i.HAL_DMA_Start) refers to stm32f1xx_hal_dma.o(i.DMA_SetConfig) for DMA_SetConfig
    stm32f1xx_hal_dma.o(i.HAL_DMA_Start_IT) refers to stm32f1xx_hal_dma.o(i.DMA_SetConfig) for DMA_SetConfig
    stm32f1xx_hal_flash.o(i.FLASH_Program_HalfWord) refers to stm32f1xx_hal_flash.o(.bss) for pFlash
    stm32f1xx_hal_flash.o(i.FLASH_SetErrorCode) refers to stm32f1xx_hal_flash.o(.bss) for pFlash
[...]
    i.main                                   0x08005520   Section        0  main.o(i.main)
    i.process_alloc_event                    0x0800559c   Section        0  process.o(i.process_alloc_event)
    i.process_init                           0x080055b0   Section        0  process.o(i.process_init)
    i.process_is_running                     0x080055e0   Section        0  process.o(i.process_is_running)
    i.process_poll                           0x080055f0   Section        0  process.o(i.process_poll)
    i.process_post                           0x0800560c   Section        0  process.o(i.process_post)
    i.process_post_synch                     0x08005670   Section        0  process.o(i.process_post_synch)
    i.process_run                            0x08005694   Section        0  process.o(i.process_run)
    i.process_start                          0x080056b8   Section        0  process.o(i.process_start)
    i.process_thread_Motor_process           0x080056f8   Section        0  motorapplication.o(i.process_thread_Motor_process)
    process_thread_Motor_process             0x080056f9   Thumb Code   154  motorapplication.o(i.process_thread_Motor_process)
    i.process_thread_RTC_process             0x080057dc   Section        0  rtcapplication.o(i.process_thread_RTC_process)
    process_thread_RTC_process               0x080057dd   Thumb Code   170  rtcapplication.o(i.process_thread_RTC_process)
    i.process_thread_RadioRx_process         0x08005890   Section        0  radioapplication.o(i.process_thread_RadioRx_process)
    process_thread_RadioRx_process           0x08005891   Thumb Code   174  radioapplication.o(i.process_thread_RadioRx_process)
    i.process_thread_RadioTx_process         0x08005984   Section        0  radioapplication.o(i.process_thread_RadioTx_process)
    process_thread_RadioTx_process           0x08005985   Thumb Code    68  radioapplication.o(i.process_thread_RadioTx_process)
    i.process_thread_ctimer_process          0x080059cc   Section        0  ctimer.o(i.process_thread_ctimer_process)
    process_thread_ctimer_process            0x080059cd   Thumb Code   170  ctimer.o(i.process_thread_ctimer_process)
    i.process_thread_etimer_process          0x08005a84   Section        0  etimer.o(i.process_thread_etimer_process)
    process_thread_etimer_process            0x08005a85   Thumb Code   224  etimer.o(i.process_thread_etimer_process)
    i.process_thread_led_process             0x08005b68   Section        0  application.o(i.process_thread_led_process)
    process_thread_led_process               0x08005b69   Thumb Code   104  application.o(i.process_thread_led_process)
    i.timer_expired                          0x08005bfc   Section        0  timer.o(i.timer_expired)
    i.timer_restart                          0x08005c18   Section        0  timer.o(i.timer_restart)
    i.timer_set                              0x08005c24   Section        0  timer.o(i.timer_set)
    i.update_time                            0x08005c34   Section        0  etimer.o(i.update_time)
    update_time                              0x08005c35   Thumb Code    70  etimer.o(i.update_time)
    .constdata                               0x08005c84   Section       24  system_stm32f1xx.o(.constdata)
    .constdata                               0x08005ca0   Section      444  sx1276-lora.o(.constdata)
    .constdata                               0x08005e5c   Section       92  gpio.o(.constdata)
    .constdata                               0x08005eb8   Section       24  rtc.o(.constdata)
    .conststring                             0x08005ed0   Section       15  ctimer.o(.conststring)
    .conststring                             0x08005ee0   Section       12  etimer.o(.conststring)
    .conststring                             0x08005eec   Section        4  application.o(.conststring)
    .conststring                             0x08005ef0   Section        4  rtcapplication.o(.conststring)
    .conststring                             0x08005ef4   Section       16  radioapplication.o(.conststring)
    .conststring                             0x08005f04   Section        6  motorapplication.o(.conststring)
    .data                                    0x20000000   Section        4  system_stm32f1xx.o(.data)
    .data                                    0x20000004   Section        4  stm32f1xx_hal.o(.data)
    .data                                    0x20000008   Section       12  process.o(.data)
    lastevent                                0x20000010   Data           1  process.o(.data)
    nevents                                  0x20000011   Data           1  process.o(.data)
    fevent                                   0x20000012   Data           1  process.o(.data)
    poll_requested                           0x20000013   Data           1  process.o(.data)
    .data                                    0x20000014   Section       28  ctimer.o(.data)
    ctimer_list_list                         0x20000014   Data           4  ctimer.o(.data)
    ctimer_list                              0x20000018   Data           4  ctimer.o(.data)
    initialized                              0x2000001c   Data           1  ctimer.o(.data)
    .data                                    0x20000030   Section       24  etimer.o(.data)
    timerlist                                0x20000030   Data           4  etimer.o(.data)
    next_expiration                          0x20000034   Data           4  etimer.o(.data)
    .data                                    0x20000048   Section       12  clock.o(.data)
    current_clock                            0x20000048   Data           4  clock.o(.data)
    current_seconds                          0x2000004c   Data           4  clock.o(.data)
    second_countdown                         0x20000050   Data           4  clock.o(.data)
    .data                                    0x20000054   Section        2  sx1276.o(.data)
    LoRaOn                                   0x20000054   Data           1  sx1276.o(.data)
    LoRaOnState                              0x20000055   Data           1  sx1276.o(.data)
    .data                                    0x20000058   Section       90  sx1276-fsk.o(.data)
    DataChunkSize                            0x20000078   Data           1  sx1276-fsk.o(.data)
    RFState                                  0x20000079   Data           1  sx1276-fsk.o(.data)
    PacketTimeout                            0x2000007c   Data           4  sx1276-fsk.o(.data)
    Preamble2SyncTimeout                     0x20000080   Data           4  sx1276-fsk.o(.data)
    PreambleDetected                         0x20000084   Data           1  sx1276-fsk.o(.data)
    SyncWordDetected                         0x20000085   Data           1  sx1276-fsk.o(.data)
    PacketDetected                           0x20000086   Data           1  sx1276-fsk.o(.data)
    RxPacketSize                             0x20000088   Data           2  sx1276-fsk.o(.data)
    RxBytesRead                              0x2000008a   Data           1  sx1276-fsk.o(.data)
    TxBytesSent                              0x2000008b   Data           1  sx1276-fsk.o(.data)
    RxPacketRssiValue                        0x20000090   Data           8  sx1276-fsk.o(.data)
    RxPacketAfcValue                         0x20000098   Data           4  sx1276-fsk.o(.data)
    RxGain                                   0x2000009c   Data           1  sx1276-fsk.o(.data)
    RxTimeoutTimer                           0x200000a0   Data           4  sx1276-fsk.o(.data)
    Preamble2SyncTimer                       0x200000a4   Data           4  sx1276-fsk.o(.data)
    TxPacketSize                             0x200000a8   Data           2  sx1276-fsk.o(.data)
    TxTimeoutTimer                           0x200000ac   Data           4  sx1276-fsk.o(.data)
    opModePrev                               0x200000b0   Data           1  sx1276-fsk.o(.data)
    antennaSwitchTxOnPrev                    0x200000b1   Data           1  sx1276-fsk.o(.data)
    .data                                    0x200000b8   Section       54  sx1276-lora.o(.data)
    RFLRState                                0x200000d8   Data           1  sx1276-lora.o(.data)
    RxPacketSize                             0x200000da   Data           2  sx1276-lora.o(.data)
    RxPacketSnrEstimate                      0x200000dc   Data           1  sx1276-lora.o(.data)
    RxPacketRssiValue                        0x200000e0   Data           8  sx1276-lora.o(.data)
    RxGain                                   0x200000e8   Data           1  sx1276-lora.o(.data)
    TxPacketSize                             0x200000ea   Data           2  sx1276-lora.o(.data)
    opModePrev                               0x200000ec   Data           1  sx1276-lora.o(.data)
    antennaSwitchTxOnPrev                    0x200000ed   Data           1  sx1276-lora.o(.data)
    .data                                    0x200000ee   Section       10  eval.o(.data)
    .data                                    0x200000f8   Section       18  rtc.o(.data)
    daycnt                                   0x20000108   Data           2  rtc.o(.data)
    .data                                    0x2000010c   Section       20  application.o(.data)
    .data                                    0x20000120   Section        2  uartapplication.o(.data)
    .data                                    0x20000124   Section       16  rtcapplication.o(.data)
    .data                                    0x20000134   Section       41  radioapplication.o(.data)
    BufferSize                               0x20000134   Data           2  radioapplication.o(.data)
    RadioData_Index                          0x20000136   Data           2  radioapplication.o(.data)
    Radio_RecvMsg                            0x2000015c   Data           1  radioapplication.o(.data)
    .data                                    0x20000160   Section       20  motorapplication.o(.data)
    MotorStatus                              0x20000160   Data           1  motorapplication.o(.data)
    MotorControlEvent                        0x20000161   Data           1  motorapplication.o(.data)
    .data                                    0x20000174   Section        4  stdout.o(.data)
    .bss                                     0x20000178   Section       32  stm32f1xx_hal_flash.o(.bss)
    .bss                                     0x20000198   Section       64  stm32f1xx_hal_timebase_tim_template.o(.bss)
    .bss                                     0x200001d8   Section      384  process.o(.bss)
    events                                   0x200001d8   Data         384  process.o(.bss)
    .bss                                     0x20000358   Section      112  sx1276.o(.bss)
    .bss                                     0x200003c8   Section      256  sx1276-fsk.o(.bss)
    RFBuffer                                 0x200003c8   Data         256  sx1276-fsk.o(.bss)
    .bss                                     0x200004c8   Section      512  sx1276-lora.o(.bss)
    RFTxBuffer                               0x200004c8   Data         256  sx1276-lora.o(.bss)
    RFRxBuffer                               0x200005c8   Data         256  sx1276-lora.o(.bss)
    .bss                                     0x200006c8   Section       64  gpio.o(.bss)
    .bss                                     0x20000708   Section      340  usart.o(.bss)
    .bss                                     0x2000085c   Section       12  iwdg.o(.bss)
    .bss                                     0x20000868   Section      264  spi.o(.bss)
    .bss                                     0x20000970   Section       64  tim.o(.bss)
    .bss                                     0x200009b0   Section       30  rtc.o(.bss)
    calendar                                 0x200009c4   Data          10  rtc.o(.bss)
    .bss                                     0x200009ce   Section     1024  flash.o(.bss)
    .bss                                     0x20000dd0   Section       16  application.o(.bss)
    et                                       0x20000dd0   Data          16  application.o(.bss)
    .bss                                     0x20000de0   Section      288  uartapplication.o(.bss)
    DebugUart_Ctime                          0x20000ee0   Data          32  uartapplication.o(.bss)
    .bss                                     0x20000f00   Section       16  rtcapplication.o(.bss)
    et                                       0x20000f00   Data          16  rtcapplication.o(.bss)
    .bss                                     0x20000f10   Section      528  radioapplication.o(.bss)
    Buffer                                   0x20000f10   Data         255  radioapplication.o(.bss)
    RadioData_Buf                            0x2000100f   Data         255  radioapplication.o(.bss)
    et                                       0x20001110   Data          16  radioapplication.o(.bss)
    .bss                                     0x20001120   Section       16  motorapplication.o(.bss)
    et                                       0x20001120   Data          16  motorapplication.o(.bss)
    STACK                                    0x20001130   Section     1024  startup_stm32f103xb.o(STACK)

    Global Symbols

    Symbol Name                              Value     Ov Type        Size  Object(Section)

    BuildAttributes$$THM_ISAv4$P$D$K$B$S$PE$A:L22UL41UL21$X:L11$S22US41US21$IEEE1$IW$USESV6$~STKCKD$USESV7$~SHL$OTIME$ROPI$IEEEX$EBA8$MICROLIB$REQ8$PRES8$EABIv2 0x00000000   Number         0  anon$$obj.o ABSOLUTE
    __ARM_use_no_argv                        0x00000000   Number         0  main.o ABSOLUTE
    _printf_a                                0x00000000   Number         0  stubs.o ABSOLUTE
    _printf_c                                0x00000000   Number         0  stubs.o ABSOLUTE
    _printf_charcount                        0x00000000   Number         0  stubs.o ABSOLUTE
    _printf_d                                0x00000000   Number         0  stubs.o ABSOLUTE
    _printf_e                                0x00000000   Number         0  stubs.o ABSOLUTE
    _printf_f                                0x00000000   Number         0  stubs.o ABSOLUTE
    _printf_flags                            0x00000000   Number         0  stubs.o ABSOLUTE
    _printf_fp_dec                           0x00000000   Number         0  stubs.o ABSOLUTE
    _printf_fp_hex                           0x00000000   Number         0  stubs.o ABSOLUTE
    _printf_g                                0x00000000   Number         0  stubs.o ABSOLUTE
    _printf_i                                0x00000000   Number         0  stubs.o ABSOLUTE
    _printf_int_dec                          0x00000000   Number         0  stubs.o ABSOLUTE
    _printf_l                                0x00000000   Number         0  stubs.o ABSOLUTE
    _printf_lc                               0x00000000   Number         0  stubs.o ABSOLUTE
    _printf_ll                               0x00000000   Number         0  stubs.o ABSOLUTE
    _printf_lld                              0x00000000   Number         0  stubs.o ABSOLUTE
    _printf_lli                              0x00000000   Number         0  stubs.o ABSOLUTE
    _printf_llo                              0x00000000   Number         0  stubs.o ABSOLUTE
    _printf_llu                              0x00000000   Number         0  stubs.o ABSOLUTE
    _printf_llx                              0x00000000   Number         0  stubs.o ABSOLUTE
    _printf_longlong_dec                     0x00000000   Number         0  stubs.o ABSOLUTE
    _printf_longlong_hex                     0x00000000   Number         0  stubs.o ABSOLUTE
    _printf_longlong_oct                     0x00000000   Number         0  stubs.o ABSOLUTE
    _printf_ls                               0x00000000   Number         0  stubs.o ABSOLUTE
    _printf_mbtowc                           0x00000000   Number         0  stubs.o ABSOLUTE
    _printf_n                                0x00000000   Number         0  stubs.o ABSOLUTE
    _printf_o                                0x00000000   Number         0  stubs.o ABSOLUTE
    _printf_p                                0x00000000   Number         0  stubs.o ABSOLUTE
    _printf_percent                          0x00000000   Number         0  stubs.o ABSOLUTE
    _printf_pre_padding                      0x00000000   Number         0  stubs.o ABSOLUTE
    _printf_return_value                     0x00000000   Number         0  stubs.o ABSOLUTE
    _printf_s                                0x00000000   Number         0  stubs.o ABSOLUTE
    _printf_sizespec                         0x00000000   Number         0  stubs.o ABSOLUTE
    _printf_str                              0x00000000   Number         0  stubs.o ABSOLUTE
    _printf_truncate_signed                  0x00000000   Number         0  stubs.o ABSOLUTE
    _printf_truncate_unsigned                0x00000000   Number         0  stubs.o ABSOLUTE
    _printf_u                                0x00000000   Number         0  stubs.o ABSOLUTE
    _printf_wc                               0x00000000   Number         0  stubs.o ABSOLUTE
    _printf_wctomb                           0x00000000   Number         0  stubs.o ABSOLUTE
    _printf_widthprec                        0x00000000   Number         0  stubs.o ABSOLUTE
    _printf_x                                0x00000000   Number         0  stubs.o ABSOLUTE
    __cpp_initialize__aeabi_                  - Undefined Weak Reference
    __cxa_finalize                            - Undefined Weak Reference
    _clock_init                               - Undefined Weak Reference
    _microlib_exit                            - Undefined Weak Reference
    __Vectors_Size                           0x000000ec   Number         0  startup_stm32f103xb.o ABSOLUTE
    __Vectors                                0x08000000   Data           4  startup_stm32f103xb.o(RESET)
    __Vectors_End                            0x080000ec   Data           0  startup_stm32f103xb.o(RESET)
    __main                                   0x080000ed   Thumb Code     0  entry.o(.ARM.Collect$$$$00000000)
    _main_stk                                0x080000ed   Thumb Code     0  entry2.o(.ARM.Collect$$$$00000001)
    _main_scatterload                        0x080000f1   Thumb Code     0  entry5.o(.ARM.Collect$$$$00000004)
    __main_after_scatterload                 0x080000f5   Thumb Code     0  entry5.o(.ARM.Collect$$$$00000004)
    _main_clock                              0x080000f5   Thumb Code     0  entry7b.o(.ARM.Collect$$$$00000008)
    _main_cpp_init                           0x080000f5   Thumb Code     0  entry8b.o(.ARM.Collect$$$$0000000A)
    _main_init                               0x080000f5   Thumb Code     0  entry9a.o(.ARM.Collect$$$$0000000B)
    __rt_final_cpp                           0x080000fd   Thumb Code     0  entry10a.o(.ARM.Collect$$$$0000000D)
    __rt_final_exit                          0x080000fd   Thumb Code     0  entry11a.o(.ARM.Collect$$$$0000000F)
    Reset_Handler                            0x08000101   Thumb Code     8  startup_stm32f103xb.o(.text)
    ADC1_2_IRQHandler                        0x0800011b   Thumb Code     0  startup_stm32f103xb.o(.text)
    CAN1_RX1_IRQHandler                      0x0800011b   Thumb Code     0  startup_stm32f103xb.o(.text)
    CAN1_SCE_IRQHandler                      0x0800011b   Thumb Code     0  startup_stm32f103xb.o(.text)
    DMA1_Channel1_IRQHandler                 0x0800011b   Thumb Code     0  startup_stm32f103xb.o(.text)
    DMA1_Channel2_IRQHandler                 0x0800011b   Thumb Code     0  startup_stm32f103xb.o(.text)
    DMA1_Channel3_IRQHandler                 0x0800011b   Thumb Code     0  startup_stm32f103xb.o(.text)
    DMA1_Channel4_IRQHandler                 0x0800011b   Thumb Code     0  startup_stm32f103xb.o(.text)
    DMA1_Channel5_IRQHandler                 0x0800011b   Thumb Code     0  startup_stm32f103xb.o(.text)
    DMA1_Channel6_IRQHandler                 0x0800011b   Thumb Code     0  startup_stm32f103xb.o(.text)
    DMA1_Channel7_IRQHandler                 0x0800011b   Thumb Code     0  startup_stm32f103xb.o(.text)
    FLASH_IRQHandler                         0x0800011b   Thumb Code     0  startup_stm32f103xb.o(.text)
    I2C1_ER_IRQHandler                       0x0800011b   Thumb Code     0  startup_stm32f103xb.o(.text)
    I2C1_EV_IRQHandler                       0x0800011b   Thumb Code     0  startup_stm32f103xb.o(.text)
    I2C2_ER_IRQHandler                       0x0800011b   Thumb Code     0  startup_stm32f103xb.o(.text)
    I2C2_EV_IRQHandler                       0x0800011b   Thumb Code     0  startup_stm32f103xb.o(.text)
    PVD_IRQHandler                           0x0800011b   Thumb Code     0  startup_stm32f103xb.o(.text)
    RCC_IRQHandler                           0x0800011b   Thumb Code     0  startup_stm32f103xb.o(.text)
    SPI1_IRQHandler                          0x0800011b   Thumb Code     0  startup_stm32f103xb.o(.text)
    SPI2_IRQHandler                          0x0800011b   Thumb Code     0  startup_stm32f103xb.o(.text)
    TAMPER_IRQHandler                        0x0800011b   Thumb Code     0  startup_stm32f103xb.o(.text)
    TIM1_BRK_IRQHandler                      0x0800011b   Thumb Code     0  startup_stm32f103xb.o(.text)
    TIM1_CC_IRQHandler                       0x0800011b   Thumb Code     0  startup_stm32f103xb.o(.text)
    TIM1_TRG_COM_IRQHandler                  0x0800011b   Thumb Code     0  startup_stm32f103xb.o(.text)
    TIM1_UP_IRQHandler                       0x0800011b   Thumb Code     0  startup_stm32f103xb.o(.text)
    TIM4_IRQHandler                          0x0800011b   Thumb Code     0  startup_stm32f103xb.o(.text)
    USART2_IRQHandler                        0x0800011b   Thumb Code     0  startup_stm32f103xb.o(.text)
    USART3_IRQHandler                        0x0800011b   Thumb Code     0  startup_stm32f103xb.o(.text)
    USBWakeUp_IRQHandler                     0x0800011b   Thumb Code     0  startup_stm32f103xb.o(.text)
    USB_HP_CAN1_TX_IRQHandler                0x0800011b   Thumb Code     0  startup_stm32f103xb.o(.text)
    USB_LP_CAN1_RX0_IRQHandler               0x0800011b   Thumb Code     0  startup_stm32f103xb.o(.text)
    WWDG_IRQHandler                          0x0800011b   Thumb Code     0  startup_stm32f103xb.o(.text)
    __aeabi_llsr                             0x08000125   Thumb Code    32  llushr.o(.text)
    _ll_ushift_r                             0x08000125   Thumb Code     0  llushr.o(.text)
    ___aeabi_memcpy4$move                    0x08000145   Thumb Code     0  memmovea.o(.text)
    ___aeabi_memcpy8$move                    0x08000145   Thumb Code     0  memmovea.o(.text)
    __aeabi_memcpy                           0x08000145   Thumb Code    64  memmovea.o(.text)
    __aeabi_memmove                          0x08000145   Thumb Code     0  memmovea.o(.text)
    __aeabi_memmove4                         0x08000145   Thumb Code     0  memmovea.o(.text)
    __aeabi_memmove8                         0x08000145   Thumb Code     0  memmovea.o(.text)
    __aeabi_memset                           0x08000185   Thumb Code    14  memseta.o(.text)
    __aeabi_memset4                          0x08000185   Thumb Code     0  memseta.o(.text)
    __aeabi_memset8                          0x08000185   Thumb Code     0  memseta.o(.text)
    __aeabi_memclr                           0x08000193   Thumb Code     4  memseta.o(.text)
    __aeabi_memclr4                          0x08000193   Thumb Code     0  memseta.o(.text)
    __aeabi_memclr8                          0x08000193   Thumb Code     0  memseta.o(.text)
    _memset$wrapper                          0x08000197   Thumb Code    18  memseta.o(.text)
    memcmp                                   0x080001a9   Thumb Code    26  memcmp.o(.text)
    __aeabi_dadd                             0x080001c3   Thumb Code   322  dadd.o(.text)
    __aeabi_dsub                             0x08000305   Thumb Code     6  dadd.o(.text)
    __aeabi_drsub                            0x0800030b   Thumb Code     6  dadd.o(.text)
    __aeabi_dmul                             0x08000311   Thumb Code   228  dmul.o(.text)
    __aeabi_ddiv                             0x080003f5   Thumb Code   222  ddiv.o(.text)
    __aeabi_i2d                              0x080004d3   Thumb Code    34  dflti.o(.text)
    __aeabi_ui2d                             0x080004f5   Thumb Code    26  dfltui.o(.text)
    __aeabi_d2uiz                            0x0800050f   Thumb Code    50  dfixui.o(.text)
    __aeabi_uldivmod                         0x08000541   Thumb Code    98  uldiv.o(.text)
    __aeabi_llsl                             0x080005a3   Thumb Code    30  llshl.o(.text)
    _ll_shift_l                              0x080005a3   Thumb Code     0  llshl.o(.text)
    __aeabi_lasr                             0x080005c1   Thumb Code    36  llsshr.o(.text)
    _ll_sshift_r                             0x080005c1   Thumb Code     0  llsshr.o(.text)
    __I$use$fp                               0x080005e5   Thumb Code     0  iusefp.o(.text)
    _double_round                            0x080005e5   Thumb Code    30  depilogue.o(.text)
    _double_epilogue                         0x08000603   Thumb Code   156  depilogue.o(.text)
    __scatterload                            0x080006a1   Thumb Code    28  init.o(.text)
    __scatterload_rt2                        0x080006a1   Thumb Code     0  init.o(.text)
    __decompress                             0x080006c5   Thumb Code     0  __dczerorl2.o(.text)
    __decompress1                            0x080006c5   Thumb Code    86  __dczerorl2.o(.text)
    Application_Main                         0x0800071d   Thumb Code   126  application.o(i.Application_Main)
    BusFault_Handler                         0x080007d1   Thumb Code     4  stm32f1xx_it.o(i.BusFault_Handler)
    CalendarToTimeStamp                      0x080007d5   Thumb Code   136  rtc.o(i.CalendarToTimeStamp)
    DIO0_Irq                                 0x0800086d   Thumb Code    84  radioapplication.o(i.DIO0_Irq)
    DebugMon_Handler                         0x080008d9   Thumb Code     2  stm32f1xx_it.o(i.DebugMon_Handler)
    DebugUartIrq                             0x080008dd   Thumb Code    40  uartapplication.o(i.DebugUartIrq)
    DebugUart_CtimeTask                      0x08000915   Thumb Code    64  uartapplication.o(i.DebugUart_CtimeTask)
    EXTI0_IRQHandler                         0x08000975   Thumb Code    10  gpio.o(i.EXTI0_IRQHandler)
    EXTI15_10_IRQHandler                     0x0800097f   Thumb Code    52  gpio.o(i.EXTI15_10_IRQHandler)
    EXTI1_IRQHandler                         0x080009b3   Thumb Code    10  gpio.o(i.EXTI1_IRQHandler)
    EXTI2_IRQHandler                         0x080009bd   Thumb Code    10  gpio.o(i.EXTI2_IRQHandler)
    EXTI3_IRQHandler                         0x080009c7   Thumb Code    10  gpio.o(i.EXTI3_IRQHandler)
    EXTI4_IRQHandler                         0x080009d1   Thumb Code    10  gpio.o(i.EXTI4_IRQHandler)
    EXTI9_5_IRQHandler                       0x080009db   Thumb Code    38  gpio.o(i.EXTI9_5_IRQHandler)
    Error_Handler                            0x08000a01   Thumb Code    18  main.o(i.Error_Handler)
    Eval_Init                                0x08000a29   Thumb Code    28  eval.o(i.Eval_Init)
    FLASH_ErasePage                          0x08000a45   Thumb Code    30  flash.o(i.FLASH_ErasePage)
    FLASH_PageErase                          0x08000a8d   Thumb Code    32  stm32f1xx_hal_flash_ex.o(i.FLASH_PageErase)
    FLASH_WaitForLastOperation               0x08000b59   Thumb Code   106  stm32f1xx_hal_flash.o(i.FLASH_WaitForLastOperation)
    Flash_Read                               0x08000bc9   Thumb Code   118  flash.o(i.Flash_Read)
    Flash_Write                              0x08000c45   Thumb Code   100  flash.o(i.Flash_Write)
    GpioPinRes                               0x08000cad   Thumb Code    36  gpio.o(i.GpioPinRes)
    GpioPinSet                               0x08000cd5   Thumb Code    36  gpio.o(i.GpioPinSet)
    GpioPinToggle                            0x08000cfd   Thumb Code    34  gpio.o(i.GpioPinToggle)
    Gpio_Config                              0x08000d25   Thumb Code    76  gpio.o(i.Gpio_Config)
    Gpio_Init                                0x08000d81   Thumb Code    28  gpio.o(i.Gpio_Init)
    Gpio_ReadInput                           0x08000d9d   Thumb Code    42  gpio.o(i.Gpio_ReadInput)
    Gpio_SetIrq                              0x08000dcd   Thumb Code    48  gpio.o(i.Gpio_SetIrq)
    HAL_DMA_Abort_IT                         0x08000e05   Thumb Code   172  stm32f1xx_hal_dma.o(i.HAL_DMA_Abort_IT)
    HAL_Delay                                0x08000eb5   Thumb Code    30  stm32f1xx_hal.o(i.HAL_Delay)
    HAL_FLASHEx_Erase                        0x08000ed5   Thumb Code   168  stm32f1xx_hal_flash_ex.o(i.HAL_FLASHEx_Erase)
    HAL_FLASH_Lock                           0x08000f85   Thumb Code    16  stm32f1xx_hal_flash.o(i.HAL_FLASH_Lock)
    HAL_FLASH_Program                        0x08000f99   Thumb Code   168  stm32f1xx_hal_flash.o(i.HAL_FLASH_Program)
    HAL_FLASH_Unlock                         0x08001049   Thumb Code    30  stm32f1xx_hal_flash.o(i.HAL_FLASH_Unlock)
    HAL_GPIO_EXTI_Callback                   0x08001075   Thumb Code    40  gpio.o(i.HAL_GPIO_EXTI_Callback)
    HAL_GPIO_EXTI_IRQHandler                 0x080010a1   Thumb Code    24  stm32f1xx_hal_gpio.o(i.HAL_GPIO_EXTI_IRQHandler)
    HAL_GPIO_Init                            0x080010bd   Thumb Code   764  stm32f1xx_hal_gpio.o(i.HAL_GPIO_Init)
    HAL_GPIO_ReadPin                         0x080013d9   Thumb Code    16  stm32f1xx_hal_gpio.o(i.HAL_GPIO_ReadPin)
    HAL_GPIO_TogglePin                       0x080013e9   Thumb Code     8  stm32f1xx_hal_gpio.o(i.HAL_GPIO_TogglePin)
    HAL_GPIO_WritePin                        0x080013f1   Thumb Code    12  stm32f1xx_hal_gpio.o(i.HAL_GPIO_WritePin)
    HAL_GetTick                              0x080013fd   Thumb Code     6  stm32f1xx_hal.o(i.HAL_GetTick)
    HAL_IWDG_Init                            0x08001409   Thumb Code    80  stm32f1xx_hal_iwdg.o(i.HAL_IWDG_Init)
    HAL_IWDG_Refresh                         0x08001459   Thumb Code    14  stm32f1xx_hal_iwdg.o(i.HAL_IWDG_Refresh)
    HAL_IncTick                              0x08001469   Thumb Code    12  stm32f1xx_hal.o(i.HAL_IncTick)
    HAL_Init                                 0x08001479   Thumb Code    34  stm32f1xx_hal.o(i.HAL_Init)
    HAL_InitTick                             0x080014a1   Thumb Code   134  stm32f1xx_hal_timebase_tim_template.o(i.HAL_InitTick)
    HAL_MspInit                              0x08001535   Thumb Code   140  stm32f1xx_hal_msp.o(i.HAL_MspInit)
    HAL_NVIC_EnableIRQ                       0x080015c9   Thumb Code    26  stm32f1xx_hal_cortex.o(i.HAL_NVIC_EnableIRQ)
    HAL_NVIC_SetPriority                     0x080015e3   Thumb Code   124  stm32f1xx_hal_cortex.o(i.HAL_NVIC_SetPriority)
    HAL_NVIC_SetPriorityGrouping             0x08001661   Thumb Code    32  stm32f1xx_hal_cortex.o(i.HAL_NVIC_SetPriorityGrouping)
    HAL_PWR_EnableBkUpAccess                 0x08001689   Thumb Code     8  stm32f1xx_hal_pwr.o(i.HAL_PWR_EnableBkUpAccess)
    HAL_RCCEx_GetPeriphCLKFreq               0x08001695   Thumb Code   254  stm32f1xx_hal_rcc_ex.o(i.HAL_RCCEx_GetPeriphCLKFreq)
    HAL_RCCEx_PeriphCLKConfig                0x080017b5   Thumb Code   290  stm32f1xx_hal_rcc_ex.o(i.HAL_RCCEx_PeriphCLKConfig)
    HAL_RCC_ClockConfig                      0x080018e5   Thumb Code   402  stm32f1xx_hal_rcc.o(i.HAL_RCC_ClockConfig)
    HAL_RCC_GetClockConfig                   0x08001a89   Thumb Code    58  stm32f1xx_hal_rcc.o(i.HAL_RCC_GetClockConfig)
    HAL_RCC_GetHCLKFreq                      0x08001acd   Thumb Code     6  stm32f1xx_hal_rcc.o(i.HAL_RCC_GetHCLKFreq)
    HAL_RCC_GetPCLK1Freq                     0x08001ad9   Thumb Code    22  stm32f1xx_hal_rcc.o(i.HAL_RCC_GetPCLK1Freq)
    HAL_RCC_GetPCLK2Freq                     0x08001af9   Thumb Code    22  stm32f1xx_hal_rcc.o(i.HAL_RCC_GetPCLK2Freq)
    HAL_RCC_GetSysClockFreq                  0x08001b19   Thumb Code   118  stm32f1xx_hal_rcc.o(i.HAL_RCC_GetSysClockFreq)
    HAL_RCC_OscConfig                        0x08001bb1   Thumb Code  1078  stm32f1xx_hal_rcc.o(i.HAL_RCC_OscConfig)
    HAL_RTCEx_BKUPRead                       0x08001ff1   Thumb Code    20  stm32f1xx_hal_rtc_ex.o(i.HAL_RTCEx_BKUPRead)
    HAL_RTCEx_BKUPWrite                      0x08002009   Thumb Code    18  stm32f1xx_hal_rtc_ex.o(i.HAL_RTCEx_BKUPWrite)
    HAL_RTCEx_RTCEventCallback               0x08002021   Thumb Code    18  rtc.o(i.HAL_RTCEx_RTCEventCallback)
    HAL_RTCEx_RTCEventErrorCallback          0x08002039   Thumb Code     2  stm32f1xx_hal_rtc_ex.o(i.HAL_RTCEx_RTCEventErrorCallback)
    HAL_RTCEx_RTCIRQHandler                  0x0800203b   Thumb Code    74  stm32f1xx_hal_rtc_ex.o(i.HAL_RTCEx_RTCIRQHandler)
    HAL_RTC_AlarmAEventCallback              0x08002085   Thumb Code    18  rtc.o(i.HAL_RTC_AlarmAEventCallback)
    HAL_RTC_AlarmIRQHandler                  0x0800209d   Thumb Code    52  stm32f1xx_hal_rtc.o(i.HAL_RTC_AlarmIRQHandler)
    HAL_RTC_GetTimeStamp                     0x080020d5   Thumb Code    40  stm32f1xx_hal_rtc.o(i.HAL_RTC_GetTimeStamp)
    HAL_RTC_Init                             0x080020fd   Thumb Code   202  stm32f1xx_hal_rtc.o(i.HAL_RTC_Init)
    HAL_RTC_MspInit                          0x080021cd   Thumb Code    78  rtc.o(i.HAL_RTC_MspInit)
    HAL_RTC_SetTimeStamp                     0x08002229   Thumb Code    88  stm32f1xx_hal_rtc.o(i.HAL_RTC_SetTimeStamp)
    HAL_RTC_SetTimeStampAlarm                0x08002281   Thumb Code   124  stm32f1xx_hal_rtc.o(i.HAL_RTC_SetTimeStampAlarm)
    HAL_RTC_WaitForSynchro                   0x08002301   Thumb Code    64  stm32f1xx_hal_rtc.o(i.HAL_RTC_WaitForSynchro)
    HAL_SPI_Init                             0x08002341   Thumb Code   154  stm32f1xx_hal_spi.o(i.HAL_SPI_Init)
    HAL_SPI_MspInit                          0x080023dd   Thumb Code    84  spi.o(i.HAL_SPI_MspInit)
    HAL_SPI_Receive                          0x0800243d   Thumb Code   586  stm32f1xx_hal_spi.o(i.HAL_SPI_Receive)
    HAL_SPI_Transmit                         0x08002687   Thumb Code   480  stm32f1xx_hal_spi.o(i.HAL_SPI_Transmit)
    HAL_SPI_TransmitReceive                  0x08002867   Thumb Code   756  stm32f1xx_hal_spi.o(i.HAL_SPI_TransmitReceive)
    HAL_SYSTICK_CLKSourceConfig              0x08002b5b   Thumb Code    40  stm32f1xx_hal_cortex.o(i.HAL_SYSTICK_CLKSourceConfig)
    HAL_SYSTICK_Callback                     0x08002b85   Thumb Code    66  clock.o(i.HAL_SYSTICK_Callback)
    HAL_SYSTICK_Config                       0x08002bd5   Thumb Code    52  stm32f1xx_hal_cortex.o(i.HAL_SYSTICK_Config)
    HAL_SYSTICK_IRQHandler                   0x08002c09   Thumb Code     8  stm32f1xx_hal_cortex.o(i.HAL_SYSTICK_IRQHandler)
    HAL_TIMEx_BreakCallback                  0x08002c11   Thumb Code     2  stm32f1xx_hal_tim_ex.o(i.HAL_TIMEx_BreakCallback)
    HAL_TIMEx_CommutationCallback            0x08002c13   Thumb Code     2  stm32f1xx_hal_tim_ex.o(i.HAL_TIMEx_CommutationCallback)
    HAL_TIM_Base_Init                        0x08002c15   Thumb Code    52  stm32f1xx_hal_tim.o(i.HAL_TIM_Base_Init)
    HAL_TIM_Base_MspInit                     0x08002c49   Thumb Code    58  tim.o(i.HAL_TIM_Base_MspInit)
    HAL_TIM_Base_Start_IT                    0x08002c8d   Thumb Code    30  stm32f1xx_hal_tim.o(i.HAL_TIM_Base_Start_IT)
    HAL_TIM_IC_CaptureCallback               0x08002cab   Thumb Code     2  stm32f1xx_hal_tim.o(i.HAL_TIM_IC_CaptureCallback)
    HAL_TIM_IRQHandler                       0x08002cad   Thumb Code   406  stm32f1xx_hal_tim.o(i.HAL_TIM_IRQHandler)
    HAL_TIM_OC_DelayElapsedCallback          0x08002e43   Thumb Code     2  stm32f1xx_hal_tim.o(i.HAL_TIM_OC_DelayElapsedCallback)
    HAL_TIM_PWM_PulseFinishedCallback        0x08002e45   Thumb Code     2  stm32f1xx_hal_tim.o(i.HAL_TIM_PWM_PulseFinishedCallback)
    HAL_TIM_PeriodElapsedCallback            0x08002e47   Thumb Code    10  stm32f1xx_hal_timebase_tim_template.o(i.HAL_TIM_PeriodElapsedCallback)
    HAL_TIM_TriggerCallback                  0x08002e51   Thumb Code     2  stm32f1xx_hal_tim.o(i.HAL_TIM_TriggerCallback)
    HAL_UART_ErrorCallback                   0x08002e53   Thumb Code     2  stm32f1xx_hal_uart.o(i.HAL_UART_ErrorCallback)
    HAL_UART_IRQHandler                      0x08002e55   Thumb Code   326  stm32f1xx_hal_uart.o(i.HAL_UART_IRQHandler)
    HAL_UART_Init                            0x08002fa1   Thumb Code   114  stm32f1xx_hal_uart.o(i.HAL_UART_Init)
    HAL_UART_MspInit                         0x08003015   Thumb Code    54  usart.o(i.HAL_UART_MspInit)
    HAL_UART_Receive_IT                      0x08003051   Thumb Code   112  stm32f1xx_hal_uart.o(i.HAL_UART_Receive_IT)
    HAL_UART_RxCpltCallback                  0x080030c1   Thumb Code    26  usart.o(i.HAL_UART_RxCpltCallback)
    HAL_UART_Transmit                        0x080030e5   Thumb Code   214  stm32f1xx_hal_uart.o(i.HAL_UART_Transmit)
    HAL_UART_TxCpltCallback                  0x080031bb   Thumb Code     2  stm32f1xx_hal_uart.o(i.HAL_UART_TxCpltCallback)
    HardFault_Handler                        0x080031bd   Thumb Code     4  stm32f1xx_it.o(i.HardFault_Handler)
    IWDG_Init                                0x080031c1   Thumb Code    36  iwdg.o(i.IWDG_Init)
    IWDG_Refresh                             0x0800320d   Thumb Code    10  iwdg.o(i.IWDG_Refresh)
    Is_Leap_Year                             0x0800321d   Thumb Code    58  rtc.o(i.Is_Leap_Year)
    MemManage_Handler                        0x0800326b   Thumb Code     4  stm32f1xx_it.o(i.MemManage_Handler)
    MotorApplicationInit                     0x08003271   Thumb Code    20  motorapplication.o(i.MotorApplicationInit)
    Motor_Control                            0x0800328d   Thumb Code    86  motorapplication.o(i.Motor_Control)
    NMI_Handler                              0x080032f1   Thumb Code     2  stm32f1xx_it.o(i.NMI_Handler)
    Node_Cmd                                 0x0800332d   Thumb Code    46  radioapplication.o(i.Node_Cmd)
    PendSV_Handler                           0x0800335b   Thumb Code     2  stm32f1xx_it.o(i.PendSV_Handler)
    RTC11111                                 0x08003385   Thumb Code    10  rtcapplication.o(i.RTC11111)
    RTCApplicationInit                       0x0800339d   Thumb Code    12  rtcapplication.o(i.RTCApplicationInit)
    RTC_AlarmConfig                          0x080033ad   Thumb Code    52  rtc.o(i.RTC_AlarmConfig)
    RTC_AlarmSetIrq                          0x080033e5   Thumb Code    20  rtc.o(i.RTC_AlarmSetIrq)
    RTC_Alarm_IRQHandler                     0x080033fd   Thumb Code    10  rtc.o(i.RTC_Alarm_IRQHandler)
    RTC_GetCalendar                          0x08003481   Thumb Code    60  rtc.o(i.RTC_GetCalendar)
    RTC_Get_Week                             0x080034bd   Thumb Code   116  rtc.o(i.RTC_Get_Week)
    RTC_IRQHandler                           0x08003535   Thumb Code    10  rtc.o(i.RTC_IRQHandler)
    RadioApplicationInit                     0x080035d5   Thumb Code    46  radioapplication.o(i.RadioApplicationInit)
    Read_ChipID                              0x08003615   Thumb Code    78  eval.o(i.Read_ChipID)
    Rtc_Init                                 0x08003675   Thumb Code    72  rtc.o(i.Rtc_Init)
    SPI_ISCRCErrorValid                      0x08003711   Thumb Code     6  stm32f1xx_hal_spi.o(i.SPI_ISCRCErrorValid)
    STMFLASH_Read                            0x080037c1   Thumb Code    34  flash.o(i.STMFLASH_Read)
    STMFLASH_ReadHalfWord                    0x080037e3   Thumb Code     6  flash.o(i.STMFLASH_ReadHalfWord)
    STMFLASH_Write                           0x080037e9   Thumb Code   222  flash.o(i.STMFLASH_Write)
    STMFLASH_Write_NoCheck                   0x080038d1   Thumb Code    44  flash.o(i.STMFLASH_Write_NoCheck)
    SVC_Handler                              0x080038fd   Thumb Code     2  stm32f1xx_it.o(i.SVC_Handler)
    SX1276FskGetRxPacket                     0x08003901   Thumb Code    30  sx1276-fsk.o(i.SX1276FskGetRxPacket)
    SX1276FskSetRFState                      0x08003929   Thumb Code     6  sx1276-fsk.o(i.SX1276FskSetRFState)
    SX1276GetRxPacket                        0x08003935   Thumb Code    32  sx1276.o(i.SX1276GetRxPacket)
    SX1276Init                               0x08003959   Thumb Code    78  sx1276.o(i.SX1276Init)
    SX1276InitIo                             0x080039c9   Thumb Code   100  sx1276-hal.o(i.SX1276InitIo)
    SX1276LoRaGetRxPacket                    0x08003a2d   Thumb Code    30  sx1276-lora.o(i.SX1276LoRaGetRxPacket)
    SX1276LoRaInit                           0x08003a55   Thumb Code   182  sx1276-lora.o(i.SX1276LoRaInit)
    SX1276LoRaRXDONE                         0x08003b21   Thumb Code   630  sx1276-lora.o(i.SX1276LoRaRXDONE)
    SX1276LoRaSetDefaults                    0x08003dd1   Thumb Code    16  sx1276-lora.o(i.SX1276LoRaSetDefaults)
    SX1276LoRaSetErrorCoding                 0x08003de5   Thumb Code    54  sx1276-loramisc.o(i.SX1276LoRaSetErrorCoding)
    SX1276LoRaSetImplicitHeaderOn            0x08003e25   Thumb Code    52  sx1276-loramisc.o(i.SX1276LoRaSetImplicitHeaderOn)
    SX1276LoRaSetLowDatarateOptimize         0x08003e61   Thumb Code    56  sx1276-loramisc.o(i.SX1276LoRaSetLowDatarateOptimize)
    SX1276LoRaSetNbTrigPeaks                 0x08003e9d   Thumb Code    54  sx1276-loramisc.o(i.SX1276LoRaSetNbTrigPeaks)
    SX1276LoRaSetOpMode                      0x08003ed9   Thumb Code    88  sx1276-lora.o(i.SX1276LoRaSetOpMode)
    SX1276LoRaSetPAOutput                    0x08003f3d   Thumb Code    48  sx1276-loramisc.o(i.SX1276LoRaSetPAOutput)
    SX1276LoRaSetPa20dBm                     0x08003f71   Thumb Code    84  sx1276-loramisc.o(i.SX1276LoRaSetPa20dBm)
    SX1276LoRaSetPacketCrcOn                 0x08003fc9   Thumb Code    54  sx1276-loramisc.o(i.SX1276LoRaSetPacketCrcOn)
    SX1276LoRaSetPayloadLength               0x08004009   Thumb Code    32  sx1276-loramisc.o(i.SX1276LoRaSetPayloadLength)
    SX1276LoRaSetRFFrequency                 0x08004031   Thumb Code    74  sx1276-loramisc.o(i.SX1276LoRaSetRFFrequency)
    SX1276LoRaSetRFPower                     0x08004089   Thumb Code   252  sx1276-loramisc.o(i.SX1276LoRaSetRFPower)
    SX1276LoRaSetSignalBandwidth             0x0800418d   Thumb Code    50  sx1276-loramisc.o(i.SX1276LoRaSetSignalBandwidth)
    SX1276LoRaSetSpreadingFactor             0x080041c9   Thumb Code    82  sx1276-loramisc.o(i.SX1276LoRaSetSpreadingFactor)
    SX1276LoRaSetSymbTimeout                 0x08004225   Thumb Code    66  sx1276-loramisc.o(i.SX1276LoRaSetSymbTimeout)
    SX1276LoRaStartRx                        0x0800426d   Thumb Code   204  sx1276-lora.o(i.SX1276LoRaStartRx)
    SX1276LoRaTxRxRUNNING                    0x0800434d   Thumb Code   108  sx1276-lora.o(i.SX1276LoRaTxRxRUNNING)
    SX1276RXDONE                             0x080043c9   Thumb Code     8  sx1276.o(i.SX1276RXDONE)
    SX1276Read                               0x080043d1   Thumb Code    18  sx1276-hal.o(i.SX1276Read)
    SX1276ReadBuffer                         0x080043e3   Thumb Code    54  sx1276-hal.o(i.SX1276ReadBuffer)
    SX1276ReadFifo                           0x08004419   Thumb Code    18  sx1276-hal.o(i.SX1276ReadFifo)
    SX1276Reset                              0x0800442b   Thumb Code    50  sx1276.o(i.SX1276Reset)
    SX1276SetLoRaOn                          0x0800445d   Thumb Code   170  sx1276.o(i.SX1276SetLoRaOn)
    SX1276SetReset                           0x08004519   Thumb Code    24  sx1276-hal.o(i.SX1276SetReset)
    SX1276StartRx                            0x08004531   Thumb Code    22  sx1276.o(i.SX1276StartRx)
    SX1276TxRxRUNNING                        0x0800454d   Thumb Code    18  sx1276.o(i.SX1276TxRxRUNNING)
    SX1276Write                              0x08004565   Thumb Code    16  sx1276-hal.o(i.SX1276Write)
    SX1276WriteBuffer                        0x08004575   Thumb Code    54  sx1276-hal.o(i.SX1276WriteBuffer)
    SX1276WriteRxTx                          0x080045ab   Thumb Code     2  sx1276-hal.o(i.SX1276WriteRxTx)
    SetNodeID                                0x080045ad   Thumb Code    50  eval.o(i.SetNodeID)
    Spi_Init                                 0x08004601   Thumb Code    64  spi.o(i.Spi_Init)
    Spi_Receive                              0x08004669   Thumb Code    40  spi.o(i.Spi_Receive)
    Spi_Transmit                             0x08004695   Thumb Code    40  spi.o(i.Spi_Transmit)
    SysTick_Handler                          0x080047f9   Thumb Code    12  stm32f1xx_it.o(i.SysTick_Handler)
    SystemClock_Config                       0x08004805   Thumb Code   156  main.o(i.SystemClock_Config)
    SystemInit                               0x080048b1   Thumb Code    70  system_stm32f1xx.o(i.SystemInit)
    TIM2_IRQHandler                          0x08004909   Thumb Code    10  stm32f1xx_hal_timebase_tim_template.o(i.TIM2_IRQHandler)
    TIM3_IRQHandler                          0x08004919   Thumb Code    10  tim.o(i.TIM3_IRQHandler)
    TIM_Base_SetConfig                       0x08004929   Thumb Code   102  stm32f1xx_hal_tim.o(i.TIM_Base_SetConfig)
    UART_ReceiveIT                           0x080049f1   Thumb Code    24  usart.o(i.UART_ReceiveIT)
    UART_SetIrqCallback                      0x08004c7d   Thumb Code     8  usart.o(i.UART_SetIrqCallback)
    UART_Transmit                            0x08004c89   Thumb Code    32  usart.o(i.UART_Transmit)
    USART1_IRQHandler                        0x08004d81   Thumb Code    10  usart.o(i.USART1_IRQHandler)
    UartApplicationInit                      0x08004d91   Thumb Code    24  uartapplication.o(i.UartApplicationInit)
    Uart_Init                                0x08004db5   Thumb Code    76  usart.o(i.Uart_Init)
    UsageFault_Handler                       0x08004e0d   Thumb Code     4  stm32f1xx_it.o(i.UsageFault_Handler)
    __0printf$5                              0x08004e11   Thumb Code    22  printf5.o(i.__0printf$5)
    __1printf$5                              0x08004e11   Thumb Code     0  printf5.o(i.__0printf$5)
    __2printf                                0x08004e11   Thumb Code     0  printf5.o(i.__0printf$5)
    __scatterload_copy                       0x08004e31   Thumb Code    14  handlers.o(i.__scatterload_copy)
    __scatterload_null                       0x08004e3f   Thumb Code     2  handlers.o(i.__scatterload_null)
    __scatterload_zeroinit                   0x08004e41   Thumb Code    14  handlers.o(i.__scatterload_zeroinit)
    clock_time                               0x080051a9   Thumb Code     6  clock.o(i.clock_time)
    ctimer_init                              0x080051b5   Thumb Code    26  ctimer.o(i.ctimer_init)
    ctimer_restart                           0x080051dd   Thumb Code    44  ctimer.o(i.ctimer_restart)
    ctimer_set                               0x08005219   Thumb Code    30  ctimer.o(i.ctimer_set)
    ctimer_set_with_process                  0x0800523d   Thumb Code    74  ctimer.o(i.ctimer_set_with_process)
    etimer_expired                           0x08005371   Thumb Code    14  etimer.o(i.etimer_expired)
    etimer_next_expiration_time              0x08005381   Thumb Code    18  etimer.o(i.etimer_next_expiration_time)
    etimer_pending                           0x08005399   Thumb Code    14  etimer.o(i.etimer_pending)
    etimer_request_poll                      0x080053ad   Thumb Code    10  etimer.o(i.etimer_request_poll)
    etimer_restart                           0x080053bd   Thumb Code    18  etimer.o(i.etimer_restart)
    etimer_set                               0x080053cf   Thumb Code    22  etimer.o(i.etimer_set)
    fputc                                    0x08005485   Thumb Code    22  usart.o(i.fputc)
    list_add                                 0x080054a1   Thumb Code    36  list.o(i.list_add)
    list_head                                0x080054c5   Thumb Code     6  list.o(i.list_head)
    list_init                                0x080054cb   Thumb Code     6  list.o(i.list_init)
    list_remove                              0x080054d1   Thumb Code    52  list.o(i.list_remove)
    list_tail                                0x08005505   Thumb Code    26  list.o(i.list_tail)
    main                                     0x08005521   Thumb Code   120  main.o(i.main)
    process_alloc_event                      0x0800559d   Thumb Code    16  process.o(i.process_alloc_event)
    process_init                             0x080055b1   Thumb Code    26  process.o(i.process_init)
    process_is_running                       0x080055e1   Thumb Code    14  process.o(i.process_is_running)
    process_poll                             0x080055f1   Thumb Code    24  process.o(i.process_poll)
    process_post                             0x0800560d   Thumb Code    88  process.o(i.process_post)
    process_post_synch                       0x08005671   Thumb Code    32  process.o(i.process_post_synch)
    process_run                              0x08005695   Thumb Code    28  process.o(i.process_run)
    process_start                            0x080056b9   Thumb Code    60  process.o(i.process_start)
    timer_expired                            0x08005bfd   Thumb Code    28  timer.o(i.timer_expired)
    timer_restart                            0x08005c19   Thumb Code    12  timer.o(i.timer_restart)
    timer_set                                0x08005c25   Thumb Code    16  timer.o(i.timer_set)
    AHBPrescTable                            0x08005c84   Data          16  system_stm32f1xx.o(.constdata)
    APBPrescTable                            0x08005c94   Data           8  system_stm32f1xx.o(.constdata)
    SignalBwLog                              0x08005ca0   Data          80  sx1276-lora.o(.constdata)
    RssiOffsetLF                             0x08005cf0   Data          80  sx1276-lora.o(.constdata)
    RssiOffsetHF                             0x08005d40   Data          80  sx1276-lora.o(.constdata)
    HoppingFrequencies                       0x08005d90   Data         204  sx1276-lora.o(.constdata)
    Gpio_Exti                                0x08005e5c   Data          16  gpio.o(.constdata)
    GPIO_Mode                                0x08005e6c   Data          52  gpio.o(.constdata)
    GPIO_Speed                               0x08005ea0   Data          12  gpio.o(.constdata)
    GPIO_Pull                                0x08005eac   Data          12  gpio.o(.constdata)
    table_week                               0x08005eb8   Data          12  rtc.o(.constdata)
    mon_table                                0x08005ec4   Data          12  rtc.o(.constdata)
    Region$$Table$$Base                      0x08005f0c   Number         0  anon$$obj.o(Region$$Table)
    Region$$Table$$Limit                     0x08005f2c   Number         0  anon$$obj.o(Region$$Table)
    SystemCoreClock                          0x20000000   Data           4  system_stm32f1xx.o(.data)
    uwTick                                   0x20000004   Data           4  stm32f1xx_hal.o(.data)
    process_list                             0x20000008   Data           4  process.o(.data)
    process_current                          0x2000000c   Data           4  process.o(.data)
    ctimer_process                           0x20000020   Data          16  ctimer.o(.data)
    etimer_process                           0x20000038   Data          16  etimer.o(.data)
    FskSettings                              0x20000058   Data          28  sx1276-fsk.o(.data)
    SX1276                                   0x20000074   Data           4  sx1276-fsk.o(.data)
    LoRaSettings                             0x200000b8   Data          28  sx1276-lora.o(.data)
    SX1276LR                                 0x200000d4   Data           4  sx1276-lora.o(.data)
    NodeAddr                                 0x200000ee   Data           5  eval.o(.data)
    GroupAddr                                0x200000f3   Data           5  eval.o(.data)
    AlarmIrqCallback                         0x200000f8   Data           8  rtc.o(.data)
    SecIrqCallback                           0x20000100   Data           8  rtc.o(.data)
    idle_count                               0x2000010c   Data           4  application.o(.data)
    led_process                              0x20000110   Data          16  application.o(.data)
    Debug_Data                               0x20000120   Data           1  uartapplication.o(.data)
    Debug_Index                              0x20000121   Data           1  uartapplication.o(.data)
    RTC_process                              0x20000124   Data          16  rtcapplication.o(.data)
    NetADDR                                  0x20000138   Data           4  radioapplication.o(.data)
    RadioRx_process                          0x2000013c   Data          16  radioapplication.o(.data)
    RadioTx_process                          0x2000014c   Data          16  radioapplication.o(.data)
    Motor_process                            0x20000164   Data          16  motorapplication.o(.data)
    __stdout                                 0x20000174   Data           4  stdout.o(.data)
    pFlash                                   0x20000178   Data          32  stm32f1xx_hal_flash.o(.bss)
    TimHandle                                0x20000198   Data          64  stm32f1xx_hal_timebase_tim_template.o(.bss)
    SX1276Regs                               0x20000358   Data         112  sx1276.o(.bss)
    Gpio_IrqCallback                         0x200006c8   Data          64  gpio.o(.bss)
    husart                                   0x20000708   Data         320  usart.o(.bss)
    UartIrq                                  0x20000848   Data          20  usart.o(.bss)
    hiwdg                                    0x2000085c   Data          12  iwdg.o(.bss)
    hspi                                     0x20000868   Data         264  spi.o(.bss)
    htimx                                    0x20000970   Data          64  tim.o(.bss)
    hrtc                                     0x200009b0   Data          20  rtc.o(.bss)
    STMFLASH_BUF                             0x200009ce   Data        1024  flash.o(.bss)
    Debug_Buffer                             0x20000de0   Data         255  uartapplication.o(.bss)
    __initial_sp                             0x20001530   Data           0  startup_stm32f103xb.o(STACK)



==============================================================================

Memory Map of the image

  Image Entry point : 0x080000ed

  Load Region LR_IROM1 (Base: 0x08000000, Size: 0x000060a4, Max: 0x00010000, ABSOLUTE, COMPRESSED[0x00005fb0])

    Execution Region ER_IROM1 (Base: 0x08000000, Size: 0x00005f2c, Max: 0x00010000, ABSOLUTE)

    Base Addr    Size         Type   Attr      Idx    E Section Name        Object

    0x08000000   0x000000ec   Data   RO          201    RESET               startup_stm32f103xb.o
    0x080000ec   0x00000000   Code   RO         5931  * .ARM.Collect$$$$00000000  mc_w.l(entry.o)
    0x080000ec   0x00000004   Code   RO         6252    .ARM.Collect$$$$00000001  mc_w.l(entry2.o)
    0x080000f0   0x00000004   Code   RO         6255    .ARM.Collect$$$$00000004  mc_w.l(entry5.o)
    0x080000f4   0x00000000   Code   RO         6257    .ARM.Collect$$$$00000008  mc_w.l(entry7b.o)
    0x080000f4   0x00000000   Code   RO         6259    .ARM.Collect$$$$0000000A  mc_w.l(entry8b.o)
    0x080000f4   0x00000008   Code   RO         6260    .ARM.Collect$$$$0000000B  mc_w.l(entry9a.o)
    0x080000fc   0x00000000   Code   RO         6262    .ARM.Collect$$$$0000000D  mc_w.l(entry10a.o)
    0x080000fc   0x00000000   Code   RO         6264    .ARM.Collect$$$$0000000F  mc_w.l(entry11a.o)
    0x080000fc   0x00000004   Code   RO         6253    .ARM.Collect$$$$00002712  mc_w.l(entry2.o)
    0x08000100   0x00000024   Code   RO          202    .text               startup_stm32f103xb.o
    0x08000124   0x00000020   Code   RO         5934    .text               mc_w.l(llushr.o)
    0x08000144   0x00000040   Code   RO         5938    .text               mc_w.l(memmovea.o)
    0x08000184   0x00000024   Code   RO         5940    .text               mc_w.l(memseta.o)
    0x080001a8   0x0000001a   Code   RO         5942    .text               mc_w.l(memcmp.o)
    0x080001c2   0x0000014e   Code   RO         6209    .text               mf_w.l(dadd.o)
    0x08000310   0x000000e4   Code   RO         6211    .text               mf_w.l(dmul.o)
    0x080003f4   0x000000de   Code   RO         6213    .text               mf_w.l(ddiv.o)
    0x080004d2   0x00000022   Code   RO         6215    .text               mf_w.l(dflti.o)
    0x080004f4   0x0000001a   Code   RO         6217    .text               mf_w.l(dfltui.o)
    0x0800050e   0x00000032   Code   RO         6221    .text               mf_w.l(dfixui.o)
    0x08000540   0x00000062   Code   RO         6269    .text               mc_w.l(uldiv.o)
    0x080005a2   0x0000001e   Code   RO         6271    .text               mc_w.l(llshl.o)
    0x080005c0   0x00000024   Code   RO         6273    .text               mc_w.l(llsshr.o)
    0x080005e4   0x00000000   Code   RO         6282    .text               mc_w.l(iusefp.o)
    0x080005e4   0x000000ba   Code   RO         6283    .text               mf_w.l(depilogue.o)
    0x0800069e   0x00000002   PAD
    0x080006a0   0x00000024   Code   RO         6293    .text               mc_w.l(init.o)
    0x080006c4   0x00000056   Code   RO         6305    .text               mc_w.l(__dczerorl2.o)
    0x0800071a   0x00000002   PAD
    0x0800071c   0x000000b4   Code   RO         5710    i.Application_Main  application.o
    0x080007d0   0x00000004   Code   RO         3433    i.BusFault_Handler  stm32f1xx_it.o
    0x080007d4   0x00000098   Code   RO         5518    i.CalendarToTimeStamp  rtc.o
    0x0800086c   0x0000006c   Code   RO         5831    i.DIO0_Irq          radioapplication.o
    0x080008d8   0x00000002   Code   RO         3434    i.DebugMon_Handler  stm32f1xx_it.o
    0x080008da   0x00000002   PAD
    0x080008dc   0x00000038   Code   RO         5751    i.DebugUartIrq      uartapplication.o
    0x08000914   0x00000060   Code   RO         5752    i.DebugUart_CtimeTask  uartapplication.o
    0x08000974   0x0000000a   Code   RO         5191    i.EXTI0_IRQHandler  gpio.o
    0x0800097e   0x00000034   Code   RO         5192    i.EXTI15_10_IRQHandler  gpio.o
    0x080009b2   0x0000000a   Code   RO         5193    i.EXTI1_IRQHandler  gpio.o
    0x080009bc   0x0000000a   Code   RO         5194    i.EXTI2_IRQHandler  gpio.o
    0x080009c6   0x0000000a   Code   RO         5195    i.EXTI3_IRQHandler  gpio.o
    0x080009d0   0x0000000a   Code   RO         5196    i.EXTI4_IRQHandler  gpio.o
    0x080009da   0x00000026   Code   RO         5197    i.EXTI9_5_IRQHandler  gpio.o
    0x08000a00   0x00000028   Code   RO         3359    i.Error_Handler     main.o
    0x08000a28   0x0000001c   Code   RO         5127    i.Eval_Init         eval.o
    0x08000a44   0x0000001e   Code   RO         5647    i.FLASH_ErasePage   flash.o
    0x08000a62   0x00000002   PAD
    0x08000a64   0x00000028   Code   RO          674    i.FLASH_MassErase   stm32f1xx_hal_flash_ex.o
    0x08000a8c   0x00000028   Code   RO          683    i.FLASH_PageErase   stm32f1xx_hal_flash_ex.o
    0x08000ab4   0x00000020   Code   RO          571    i.FLASH_Program_HalfWord  stm32f1xx_hal_flash.o
    0x08000ad4   0x00000084   Code   RO          572    i.FLASH_SetErrorCode  stm32f1xx_hal_flash.o
    0x08000b58   0x00000070   Code   RO          573    i.FLASH_WaitForLastOperation  stm32f1xx_hal_flash.o
    0x08000bc8   0x0000007c   Code   RO         5648    i.Flash_Read        flash.o
    0x08000c44   0x00000068   Code   RO         5649    i.Flash_Write       flash.o
    0x08000cac   0x00000028   Code   RO         5198    i.GpioPinRes        gpio.o
    0x08000cd4   0x00000028   Code   RO         5199    i.GpioPinSet        gpio.o
    0x08000cfc   0x00000028   Code   RO         5200    i.GpioPinToggle     gpio.o
    0x08000d24   0x0000005c   Code   RO         5201    i.Gpio_Config       gpio.o
    0x08000d80   0x0000001c   Code   RO         5202    i.Gpio_Init         gpio.o
    0x08000d9c   0x00000030   Code   RO         5203    i.Gpio_ReadInput    gpio.o
    0x08000dcc   0x00000038   Code   RO         5204    i.Gpio_SetIrq       gpio.o
    0x08000e04   0x000000b0   Code   RO          478    i.HAL_DMA_Abort_IT  stm32f1xx_hal_dma.o
    0x08000eb4   0x0000001e   Code   RO          216    i.HAL_Delay         stm32f1xx_hal.o
    0x08000ed2   0x00000002   PAD
    0x08000ed4   0x000000b0   Code   RO          684    i.HAL_FLASHEx_Erase  stm32f1xx_hal_flash_ex.o
    0x08000f84   0x00000014   Code   RO          577    i.HAL_FLASH_Lock    stm32f1xx_hal_flash.o
    0x08000f98   0x000000b0   Code   RO          582    i.HAL_FLASH_Program  stm32f1xx_hal_flash.o
    0x08001048   0x0000002c   Code   RO          584    i.HAL_FLASH_Unlock  stm32f1xx_hal_flash.o
    0x08001074   0x0000002c   Code   RO         5205    i.HAL_GPIO_EXTI_Callback  gpio.o
    0x080010a0   0x0000001c   Code   RO          782    i.HAL_GPIO_EXTI_IRQHandler  stm32f1xx_hal_gpio.o
    0x080010bc   0x0000031c   Code   RO          783    i.HAL_GPIO_Init     stm32f1xx_hal_gpio.o
    0x080013d8   0x00000010   Code   RO          785    i.HAL_GPIO_ReadPin  stm32f1xx_hal_gpio.o
    0x080013e8   0x00000008   Code   RO          786    i.HAL_GPIO_TogglePin  stm32f1xx_hal_gpio.o
    0x080013f0   0x0000000c   Code   RO          787    i.HAL_GPIO_WritePin  stm32f1xx_hal_gpio.o
    0x080013fc   0x0000000c   Code   RO          220    i.HAL_GetTick       stm32f1xx_hal.o
    0x08001408   0x00000050   Code   RO         2860    i.HAL_IWDG_Init     stm32f1xx_hal_iwdg.o
    0x08001458   0x0000000e   Code   RO         2861    i.HAL_IWDG_Refresh  stm32f1xx_hal_iwdg.o
    0x08001466   0x00000002   PAD
    0x08001468   0x00000010   Code   RO          222    i.HAL_IncTick       stm32f1xx_hal.o
    0x08001478   0x00000028   Code   RO          223    i.HAL_Init          stm32f1xx_hal.o
    0x080014a0   0x00000094   Code   RO         2212    i.HAL_InitTick      stm32f1xx_hal_timebase_tim_template.o
    0x08001534   0x00000094   Code   RO         3404    i.HAL_MspInit       stm32f1xx_hal_msp.o
    0x080015c8   0x0000001a   Code   RO          356    i.HAL_NVIC_EnableIRQ  stm32f1xx_hal_cortex.o
    0x080015e2   0x0000007c   Code   RO          362    i.HAL_NVIC_SetPriority  stm32f1xx_hal_cortex.o
    0x0800165e   0x00000002   PAD
    0x08001660   0x00000028   Code   RO          363    i.HAL_NVIC_SetPriorityGrouping  stm32f1xx_hal_cortex.o
    0x08001688   0x0000000c   Code   RO         3240    i.HAL_PWR_EnableBkUpAccess  stm32f1xx_hal_pwr.o
    0x08001694   0x00000120   Code   RO          990    i.HAL_RCCEx_GetPeriphCLKFreq  stm32f1xx_hal_rcc_ex.o
    0x080017b4   0x00000130   Code   RO          991    i.HAL_RCCEx_PeriphCLKConfig  stm32f1xx_hal_rcc_ex.o
    0x080018e4   0x000001a4   Code   RO          883    i.HAL_RCC_ClockConfig  stm32f1xx_hal_rcc.o
    0x08001a88   0x00000044   Code   RO          887    i.HAL_RCC_GetClockConfig  stm32f1xx_hal_rcc.o
    0x08001acc   0x0000000c   Code   RO          888    i.HAL_RCC_GetHCLKFreq  stm32f1xx_hal_rcc.o
    0x08001ad8   0x00000020   Code   RO          890    i.HAL_RCC_GetPCLK1Freq  stm32f1xx_hal_rcc.o
    0x08001af8   0x00000020   Code   RO          891    i.HAL_RCC_GetPCLK2Freq  stm32f1xx_hal_rcc.o
    0x08001b18   0x00000098   Code   RO          892    i.HAL_RCC_GetSysClockFreq  stm32f1xx_hal_rcc.o
    0x08001bb0   0x00000440   Code   RO          895    i.HAL_RCC_OscConfig  stm32f1xx_hal_rcc.o
    0x08001ff0   0x00000018   Code   RO         1218    i.HAL_RTCEx_BKUPRead  stm32f1xx_hal_rtc_ex.o
    0x08002008   0x00000018   Code   RO         1219    i.HAL_RTCEx_BKUPWrite  stm32f1xx_hal_rtc_ex.o
    0x08002020   0x00000018   Code   RO         5519    i.HAL_RTCEx_RTCEventCallback  rtc.o
    0x08002038   0x00000002   Code   RO         1224    i.HAL_RTCEx_RTCEventErrorCallback  stm32f1xx_hal_rtc_ex.o
    0x0800203a   0x0000004a   Code   RO         1225    i.HAL_RTCEx_RTCIRQHandler  stm32f1xx_hal_rtc_ex.o
    0x08002084   0x00000018   Code   RO         5520    i.HAL_RTC_AlarmAEventCallback  rtc.o
    0x0800209c   0x00000038   Code   RO         1026    i.HAL_RTC_AlarmIRQHandler  stm32f1xx_hal_rtc.o
    0x080020d4   0x00000028   Code   RO         1033    i.HAL_RTC_GetTimeStamp  stm32f1xx_hal_rtc.o
    0x080020fc   0x000000d0   Code   RO         1034    i.HAL_RTC_Init      stm32f1xx_hal_rtc.o
    0x080021cc   0x0000005c   Code   RO         5522    i.HAL_RTC_MspInit   rtc.o
    0x08002228   0x00000058   Code   RO         1042    i.HAL_RTC_SetTimeStamp  stm32f1xx_hal_rtc.o
    0x08002280   0x00000080   Code   RO         1043    i.HAL_RTC_SetTimeStampAlarm  stm32f1xx_hal_rtc.o
    0x08002300   0x00000040   Code   RO         1044    i.HAL_RTC_WaitForSynchro  stm32f1xx_hal_rtc.o
    0x08002340   0x0000009a   Code   RO         2901    i.HAL_SPI_Init      stm32f1xx_hal_spi.o
    0x080023da   0x00000002   PAD
    0x080023dc   0x00000060   Code   RO         5420    i.HAL_SPI_MspInit   spi.o
    0x0800243c   0x0000024a   Code   RO         2904    i.HAL_SPI_Receive   stm32f1xx_hal_spi.o
    0x08002686   0x000001e0   Code   RO         2909    i.HAL_SPI_Transmit  stm32f1xx_hal_spi.o
    0x08002866   0x000002f4   Code   RO         2910    i.HAL_SPI_TransmitReceive  stm32f1xx_hal_spi.o
    0x08002b5a   0x00000028   Code   RO          365    i.HAL_SYSTICK_CLKSourceConfig  stm32f1xx_hal_cortex.o
    0x08002b82   0x00000002   PAD
    0x08002b84   0x00000050   Code   RO         4020    i.HAL_SYSTICK_Callback  clock.o
    0x08002bd4   0x00000034   Code   RO          367    i.HAL_SYSTICK_Config  stm32f1xx_hal_cortex.o
    0x08002c08   0x00000008   Code   RO          368    i.HAL_SYSTICK_IRQHandler  stm32f1xx_hal_cortex.o
    0x08002c10   0x00000002   Code   RO         1979    i.HAL_TIMEx_BreakCallback  stm32f1xx_hal_tim_ex.o
    0x08002c12   0x00000002   Code   RO         1980    i.HAL_TIMEx_CommutationCallback  stm32f1xx_hal_tim_ex.o
    0x08002c14   0x00000034   Code   RO         1340    i.HAL_TIM_Base_Init  stm32f1xx_hal_tim.o
    0x08002c48   0x00000044   Code   RO         5471    i.HAL_TIM_Base_MspInit  tim.o
    0x08002c8c   0x0000001e   Code   RO         1345    i.HAL_TIM_Base_Start_IT  stm32f1xx_hal_tim.o
    0x08002caa   0x00000002   Code   RO         1369    i.HAL_TIM_IC_CaptureCallback  stm32f1xx_hal_tim.o
    0x08002cac   0x00000196   Code   RO         1382    i.HAL_TIM_IRQHandler  stm32f1xx_hal_tim.o
    0x08002e42   0x00000002   Code   RO         1385    i.HAL_TIM_OC_DelayElapsedCallback  stm32f1xx_hal_tim.o
    0x08002e44   0x00000002   Code   RO         1412    i.HAL_TIM_PWM_PulseFinishedCallback  stm32f1xx_hal_tim.o
    0x08002e46   0x0000000a   Code   RO         2215    i.HAL_TIM_PeriodElapsedCallback  stm32f1xx_hal_timebase_tim_template.o
    0x08002e50   0x00000002   Code   RO         1423    i.HAL_TIM_TriggerCallback  stm32f1xx_hal_tim.o
    0x08002e52   0x00000002   Code   RO         2284    i.HAL_UART_ErrorCallback  stm32f1xx_hal_uart.o
    0x08002e54   0x0000014c   Code   RO         2287    i.HAL_UART_IRQHandler  stm32f1xx_hal_uart.o
    0x08002fa0   0x00000072   Code   RO         2288    i.HAL_UART_Init     stm32f1xx_hal_uart.o
    0x08003012   0x00000002   PAD
    0x08003014   0x0000003c   Code   RO         5304    i.HAL_UART_MspInit  usart.o
    0x08003050   0x00000070   Code   RO         2293    i.HAL_UART_Receive_IT  stm32f1xx_hal_uart.o
    0x080030c0   0x00000024   Code   RO         5305    i.HAL_UART_RxCpltCallback  usart.o
    0x080030e4   0x000000d6   Code   RO         2296    i.HAL_UART_Transmit  stm32f1xx_hal_uart.o
    0x080031ba   0x00000002   Code   RO         2299    i.HAL_UART_TxCpltCallback  stm32f1xx_hal_uart.o
    0x080031bc   0x00000004   Code   RO         3435    i.HardFault_Handler  stm32f1xx_it.o
    0x080031c0   0x0000004c   Code   RO         5383    i.IWDG_Init         iwdg.o
    0x0800320c   0x00000010   Code   RO         5384    i.IWDG_Refresh      iwdg.o
    0x0800321c   0x0000003a   Code   RO         5523    i.Is_Leap_Year      rtc.o
    0x08003256   0x00000014   Code   RO         5306    i.MX_NVIC_USARTx_Init  usart.o
    0x0800326a   0x00000004   Code   RO         3436    i.MemManage_Handler  stm32f1xx_it.o
    0x0800326e   0x00000002   PAD
    0x08003270   0x0000001c   Code   RO         5882    i.MotorApplicationInit  motorapplication.o
    0x0800328c   0x00000064   Code   RO         5883    i.Motor_Control     motorapplication.o
    0x080032f0   0x00000002   Code   RO         3437    i.NMI_Handler       stm32f1xx_it.o
    0x080032f2   0x00000002   PAD
    0x080032f4   0x00000010   Code   RO          369    i.NVIC_GetPriorityGrouping  stm32f1xx_hal_cortex.o
    0x08003304   0x00000028   Code   RO          370    i.NVIC_SetPriority  stm32f1xx_hal_cortex.o
    0x0800332c   0x0000002e   Code   RO         5832    i.Node_Cmd          radioapplication.o
    0x0800335a   0x00000002   Code   RO         3438    i.PendSV_Handler    stm32f1xx_it.o
    0x0800335c   0x00000028   Code   RO          896    i.RCC_Delay         stm32f1xx_hal_rcc.o
    0x08003384   0x00000018   Code   RO         5791    i.RTC11111          rtcapplication.o
    0x0800339c   0x00000010   Code   RO         5792    i.RTCApplicationInit  rtcapplication.o
    0x080033ac   0x00000038   Code   RO         5524    i.RTC_AlarmConfig   rtc.o
    0x080033e4   0x00000018   Code   RO         5525    i.RTC_AlarmSetIrq   rtc.o
    0x080033fc   0x00000010   Code   RO         5526    i.RTC_Alarm_IRQHandler  rtc.o
    0x0800340c   0x0000003a   Code   RO         1048    i.RTC_EnterInitMode  stm32f1xx_hal_rtc.o
    0x08003446   0x0000003a   Code   RO         1049    i.RTC_ExitInitMode  stm32f1xx_hal_rtc.o
    0x08003480   0x0000003c   Code   RO         5527    i.RTC_GetCalendar   rtc.o
    0x080034bc   0x00000078   Code   RO         5528    i.RTC_Get_Week      rtc.o
    0x08003534   0x00000010   Code   RO         5529    i.RTC_IRQHandler    rtc.o
    0x08003544   0x00000034   Code   RO         1052    i.RTC_ReadTimeCounter  stm32f1xx_hal_rtc.o
    0x08003578   0x0000002e   Code   RO         1054    i.RTC_WriteAlarmCounter  stm32f1xx_hal_rtc.o
    0x080035a6   0x0000002e   Code   RO         1055    i.RTC_WriteTimeCounter  stm32f1xx_hal_rtc.o
    0x080035d4   0x00000040   Code   RO         5833    i.RadioApplicationInit  radioapplication.o
    0x08003614   0x00000060   Code   RO         5128    i.Read_ChipID       eval.o
    0x08003674   0x00000074   Code   RO         5533    i.Rtc_Init          rtc.o
    0x080036e8   0x00000028   Code   RO         2927    i.SPI_CheckFlag_BSY  stm32f1xx_hal_spi.o
    0x08003710   0x00000006   Code   RO         2941    i.SPI_ISCRCErrorValid  stm32f1xx_hal_spi.o
    0x08003716   0x000000aa   Code   RO         2948    i.SPI_WaitFlagStateUntilTimeout  stm32f1xx_hal_spi.o
    0x080037c0   0x00000022   Code   RO         5650    i.STMFLASH_Read     flash.o
    0x080037e2   0x00000006   Code   RO         5651    i.STMFLASH_ReadHalfWord  flash.o
    0x080037e8   0x000000e8   Code   RO         5652    i.STMFLASH_Write    flash.o
    0x080038d0   0x0000002c   Code   RO         5653    i.STMFLASH_Write_NoCheck  flash.o
    0x080038fc   0x00000002   Code   RO         3439    i.SVC_Handler       stm32f1xx_it.o
    0x080038fe   0x00000002   PAD
    0x08003900   0x00000028   Code   RO         4272    i.SX1276FskGetRxPacket  sx1276-fsk.o
    0x08003928   0x0000000c   Code   RO         4281    i.SX1276FskSetRFState  sx1276-fsk.o
    0x08003934   0x00000024   Code   RO         4072    i.SX1276GetRxPacket  sx1276.o
    0x08003958   0x00000070   Code   RO         4073    i.SX1276Init        sx1276.o
    0x080039c8   0x00000064   Code   RO         4616    i.SX1276InitIo      sx1276-hal.o
    0x08003a2c   0x00000028   Code   RO         4707    i.SX1276LoRaGetRxPacket  sx1276-lora.o
    0x08003a54   0x000000cc   Code   RO         4708    i.SX1276LoRaInit    sx1276-lora.o
    0x08003b20   0x000002b0   Code   RO         4710    i.SX1276LoRaRXDONE  sx1276-lora.o
    0x08003dd0   0x00000014   Code   RO         4715    i.SX1276LoRaSetDefaults  sx1276-lora.o
    0x08003de4   0x00000040   Code   RO         4888    i.SX1276LoRaSetErrorCoding  sx1276-loramisc.o
    0x08003e24   0x0000003c   Code   RO         4891    i.SX1276LoRaSetImplicitHeaderOn  sx1276-loramisc.o
    0x08003e60   0x0000003c   Code   RO         4892    i.SX1276LoRaSetLowDatarateOptimize  sx1276-loramisc.o
    0x08003e9c   0x0000003c   Code   RO         4893    i.SX1276LoRaSetNbTrigPeaks  sx1276-loramisc.o
    0x08003ed8   0x00000064   Code   RO         4716    i.SX1276LoRaSetOpMode  sx1276-lora.o
    0x08003f3c   0x00000034   Code   RO         4894    i.SX1276LoRaSetPAOutput  sx1276-loramisc.o
    0x08003f70   0x00000058   Code   RO         4895    i.SX1276LoRaSetPa20dBm  sx1276-loramisc.o
    0x08003fc8   0x00000040   Code   RO         4897    i.SX1276LoRaSetPacketCrcOn  sx1276-loramisc.o
    0x08004008   0x00000028   Code   RO         4898    i.SX1276LoRaSetPayloadLength  sx1276-loramisc.o
    0x08004030   0x00000058   Code   RO         4900    i.SX1276LoRaSetRFFrequency  sx1276-loramisc.o
    0x08004088   0x00000104   Code   RO         4901    i.SX1276LoRaSetRFPower  sx1276-loramisc.o
    0x0800418c   0x0000003c   Code   RO         4904    i.SX1276LoRaSetSignalBandwidth  sx1276-loramisc.o
    0x080041c8   0x0000005c   Code   RO         4905    i.SX1276LoRaSetSpreadingFactor  sx1276-loramisc.o
    0x08004224   0x00000048   Code   RO         4906    i.SX1276LoRaSetSymbTimeout  sx1276-loramisc.o
    0x0800426c   0x000000e0   Code   RO         4720    i.SX1276LoRaStartRx  sx1276-lora.o
    0x0800434c   0x0000007c   Code   RO         4723    i.SX1276LoRaTxRxRUNNING  sx1276-lora.o
    0x080043c8   0x00000008   Code   RO         4075    i.SX1276RXDONE      sx1276.o
    0x080043d0   0x00000012   Code   RO         4617    i.SX1276Read        sx1276-hal.o
    0x080043e2   0x00000036   Code   RO         4618    i.SX1276ReadBuffer  sx1276-hal.o
    0x08004418   0x00000012   Code   RO         4619    i.SX1276ReadFifo    sx1276-hal.o
    0x0800442a   0x00000032   Code   RO         4078    i.SX1276Reset       sx1276.o
    0x0800445c   0x000000bc   Code   RO         4080    i.SX1276SetLoRaOn   sx1276.o
    0x08004518   0x00000018   Code   RO         4620    i.SX1276SetReset    sx1276-hal.o
    0x08004530   0x0000001c   Code   RO         4085    i.SX1276StartRx     sx1276.o
    0x0800454c   0x00000018   Code   RO         4088    i.SX1276TxRxRUNNING  sx1276.o
    0x08004564   0x00000010   Code   RO         4621    i.SX1276Write       sx1276-hal.o
    0x08004574   0x00000036   Code   RO         4622    i.SX1276WriteBuffer  sx1276-hal.o
    0x080045aa   0x00000002   Code   RO         4624    i.SX1276WriteRxTx   sx1276-hal.o
    0x080045ac   0x00000054   Code   RO         5129    i.SetNodeID         eval.o
    0x08004600   0x00000068   Code   RO         5421    i.Spi_Init          spi.o
    0x08004668   0x0000002c   Code   RO         5422    i.Spi_Receive       spi.o
    0x08004694   0x0000002c   Code   RO         5423    i.Spi_Transmit      spi.o
    0x080046c0   0x00000138   Code   RO         5534    i.Stm32_RTCGetCalendar  rtc.o
    0x080047f8   0x0000000c   Code   RO         3440    i.SysTick_Handler   stm32f1xx_it.o
    0x08004804   0x000000ac   Code   RO         3360    i.SystemClock_Config  main.o
    0x080048b0   0x00000058   Code   RO            5    i.SystemInit        system_stm32f1xx.o
    0x08004908   0x00000010   Code   RO         2216    i.TIM2_IRQHandler   stm32f1xx_hal_timebase_tim_template.o
    0x08004918   0x00000010   Code   RO         5472    i.TIM3_IRQHandler   tim.o
    0x08004928   0x00000074   Code   RO         1424    i.TIM_Base_SetConfig  stm32f1xx_hal_tim.o
    0x0800499c   0x00000014   Code   RO         2301    i.UART_DMAAbortOnError  stm32f1xx_hal_uart.o
    0x080049b0   0x00000020   Code   RO         2311    i.UART_EndRxTransfer  stm32f1xx_hal_uart.o
    0x080049d0   0x00000020   Code   RO         2312    i.UART_EndTransmit_IT  stm32f1xx_hal_uart.o
    0x080049f0   0x0000001c   Code   RO         5307    i.UART_ReceiveIT    usart.o
    0x08004a0c   0x000000a6   Code   RO         2314    i.UART_Receive_IT   stm32f1xx_hal_uart.o
    0x08004ab2   0x00000002   PAD
    0x08004ab4   0x000001c8   Code   RO         2315    i.UART_SetConfig    stm32f1xx_hal_uart.o
    0x08004c7c   0x0000000c   Code   RO         5308    i.UART_SetIrqCallback  usart.o
    0x08004c88   0x00000024   Code   RO         5309    i.UART_Transmit     usart.o
    0x08004cac   0x00000068   Code   RO         2316    i.UART_Transmit_IT  stm32f1xx_hal_uart.o
    0x08004d14   0x0000006c   Code   RO         2317    i.UART_WaitOnFlagUntilTimeout  stm32f1xx_hal_uart.o
    0x08004d80   0x00000010   Code   RO         5310    i.USART1_IRQHandler  usart.o
    0x08004d90   0x00000024   Code   RO         5753    i.UartApplicationInit  uartapplication.o
    0x08004db4   0x00000058   Code   RO         5311    i.Uart_Init         usart.o
    0x08004e0c   0x00000004   Code   RO         3441    i.UsageFault_Handler  stm32f1xx_it.o
    0x08004e10   0x00000020   Code   RO         6081    i.__0printf$5       mc_w.l(printf5.o)
    0x08004e30   0x0000000e   Code   RO         6299    i.__scatterload_copy  mc_w.l(handlers.o)
    0x08004e3e   0x00000002   Code   RO         6300    i.__scatterload_null  mc_w.l(handlers.o)
    0x08004e40   0x0000000e   Code   RO         6301    i.__scatterload_zeroinit  mc_w.l(handlers.o)
    0x08004e4e   0x00000002   PAD
    0x08004e50   0x000002c0   Code   RO         6088    i._printf_core      mc_w.l(printf5.o)
    0x08005110   0x00000048   Code   RO         3727    i.add_timer         etimer.o
    0x08005158   0x00000050   Code   RO         3505    i.call_process      process.o
    0x080051a8   0x0000000c   Code   RO         4023    i.clock_time        clock.o
    0x080051b4   0x00000028   Code   RO         3620    i.ctimer_init       ctimer.o
    0x080051dc   0x0000003c   Code   RO         3622    i.ctimer_restart    ctimer.o
    0x08005218   0x00000024   Code   RO         3623    i.ctimer_set        ctimer.o
    0x0800523c   0x0000005c   Code   RO         3624    i.ctimer_set_with_process  ctimer.o
    0x08005298   0x000000a4   Code   RO         3506    i.do_event          process.o
    0x0800533c   0x00000034   Code   RO         3507    i.do_poll           process.o
    0x08005370   0x0000000e   Code   RO         3730    i.etimer_expired    etimer.o
    0x0800537e   0x00000002   PAD
    0x08005380   0x00000018   Code   RO         3731    i.etimer_next_expiration_time  etimer.o
    0x08005398   0x00000014   Code   RO         3732    i.etimer_pending    etimer.o
    0x080053ac   0x00000010   Code   RO         3733    i.etimer_request_poll  etimer.o
    0x080053bc   0x00000012   Code   RO         3736    i.etimer_restart    etimer.o
    0x080053ce   0x00000016   Code   RO         3737    i.etimer_set        etimer.o
    0x080053e4   0x000000a0   Code   RO         3508    i.exit_process      process.o
    0x08005484   0x0000001c   Code   RO         5312    i.fputc             usart.o
    0x080054a0   0x00000024   Code   RO         3863    i.list_add          list.o
    0x080054c4   0x00000006   Code   RO         3866    i.list_head         list.o
    0x080054ca   0x00000006   Code   RO         3867    i.list_init         list.o
    0x080054d0   0x00000034   Code   RO         3873    i.list_remove       list.o
    0x08005504   0x0000001a   Code   RO         3874    i.list_tail         list.o
    0x0800551e   0x00000002   PAD
    0x08005520   0x0000007c   Code   RO         3361    i.main              main.o
    0x0800559c   0x00000014   Code   RO         3509    i.process_alloc_event  process.o
    0x080055b0   0x00000030   Code   RO         3511    i.process_init      process.o
    0x080055e0   0x0000000e   Code   RO         3512    i.process_is_running  process.o
    0x080055ee   0x00000002   PAD
    0x080055f0   0x0000001c   Code   RO         3514    i.process_poll      process.o
    0x0800560c   0x00000064   Code   RO         3515    i.process_post      process.o
    0x08005670   0x00000024   Code   RO         3516    i.process_post_synch  process.o
    0x08005694   0x00000024   Code   RO         3517    i.process_run       process.o
    0x080056b8   0x00000040   Code   RO         3518    i.process_start     process.o
    0x080056f8   0x000000e4   Code   RO         5884    i.process_thread_Motor_process  motorapplication.o
    0x080057dc   0x000000b4   Code   RO         5793    i.process_thread_RTC_process  rtcapplication.o
    0x08005890   0x000000f4   Code   RO         5834    i.process_thread_RadioRx_process  radioapplication.o
    0x08005984   0x00000048   Code   RO         5835    i.process_thread_RadioTx_process  radioapplication.o
    0x080059cc   0x000000b8   Code   RO         3626    i.process_thread_ctimer_process  ctimer.o
    0x08005a84   0x000000e4   Code   RO         3740    i.process_thread_etimer_process  etimer.o
    0x08005b68   0x00000094   Code   RO         5711    i.process_thread_led_process  application.o
    0x08005bfc   0x0000001c   Code   RO         3827    i.timer_expired     timer.o
    0x08005c18   0x0000000c   Code   RO         3830    i.timer_restart     timer.o
    0x08005c24   0x00000010   Code   RO         3831    i.timer_set         timer.o
    0x08005c34   0x00000050   Code   RO         3741    i.update_time       etimer.o
    0x08005c84   0x00000018   Data   RO            6    .constdata          system_stm32f1xx.o
    0x08005c9c   0x00000004   PAD
    0x08005ca0   0x000001bc   Data   RO         4725    .constdata          sx1276-lora.o
    0x08005e5c   0x0000005c   Data   RO         5207    .constdata          gpio.o
    0x08005eb8   0x00000018   Data   RO         5537    .constdata          rtc.o
    0x08005ed0   0x0000000f   Data   RO         3627    .conststring        ctimer.o
    0x08005edf   0x00000001   PAD
    0x08005ee0   0x0000000c   Data   RO         3742    .conststring        etimer.o
    0x08005eec   0x00000004   Data   RO         5713    .conststring        application.o
    0x08005ef0   0x00000004   Data   RO         5795    .conststring        rtcapplication.o
    0x08005ef4   0x00000010   Data   RO         5837    .conststring        radioapplication.o
    0x08005f04   0x00000006   Data   RO         5886    .conststring        motorapplication.o
    0x08005f0a   0x00000002   PAD
    0x08005f0c   0x00000020   Data   RO         6297    Region$$Table       anon$$obj.o


    Execution Region RW_IRAM1 (Base: 0x20000000, Size: 0x00001530, Max: 0x00005000, ABSOLUTE, COMPRESSED[0x00000084])

    Base Addr    Size         Type   Attr      Idx    E Section Name        Object

    0x20000000   0x00000004   Data   RW            7    .data               system_stm32f1xx.o
    0x20000004   0x00000004   Data   RW          229    .data               stm32f1xx_hal.o
    0x20000008   0x0000000c   Data   RW         3520    .data               process.o
    0x20000014   0x0000001c   Data   RW         3628    .data               ctimer.o
    0x20000030   0x00000018   Data   RW         3743    .data               etimer.o
    0x20000048   0x0000000c   Data   RW         4024    .data               clock.o
    0x20000054   0x00000002   Data   RW         4090    .data               sx1276.o
    0x20000056   0x00000002   PAD
    0x20000058   0x0000005a   Data   RW         4285    .data               sx1276-fsk.o
    0x200000b2   0x00000006   PAD
    0x200000b8   0x00000036   Data   RW         4726    .data               sx1276-lora.o
    0x200000ee   0x0000000a   Data   RW         5130    .data               eval.o
    0x200000f8   0x00000012   Data   RW         5538    .data               rtc.o
    0x2000010a   0x00000002   PAD
    0x2000010c   0x00000014   Data   RW         5714    .data               application.o
    0x20000120   0x00000002   Data   RW         5755    .data               uartapplication.o
    0x20000122   0x00000002   PAD
    0x20000124   0x00000010   Data   RW         5796    .data               rtcapplication.o
    0x20000134   0x00000029   Data   RW         5838    .data               radioapplication.o
    0x2000015d   0x00000003   PAD
    0x20000160   0x00000014   Data   RW         5887    .data               motorapplication.o
    0x20000174   0x00000004   Data   RW         6266    .data               mc_w.l(stdout.o)
    0x20000178   0x00000020   Zero   RW          585    .bss                stm32f1xx_hal_flash.o
    0x20000198   0x00000040   Zero   RW         2217    .bss                stm32f1xx_hal_timebase_tim_template.o
    0x200001d8   0x00000180   Zero   RW         3519    .bss                process.o
    0x20000358   0x00000070   Zero   RW         4089    .bss                sx1276.o
    0x200003c8   0x00000100   Zero   RW         4284    .bss                sx1276-fsk.o
    0x200004c8   0x00000200   Zero   RW         4724    .bss                sx1276-lora.o
    0x200006c8   0x00000040   Zero   RW         5206    .bss                gpio.o
    0x20000708   0x00000154   Zero   RW         5313    .bss                usart.o
    0x2000085c   0x0000000c   Zero   RW         5385    .bss                iwdg.o
    0x20000868   0x00000108   Zero   RW         5424    .bss                spi.o
    0x20000970   0x00000040   Zero   RW         5474    .bss                tim.o
    0x200009b0   0x0000001e   Zero   RW         5536    .bss                rtc.o
    0x200009ce   0x00000400   Zero   RW         5654    .bss                flash.o
    0x20000dce   0x00000002   PAD
    0x20000dd0   0x00000010   Zero   RW         5712    .bss                application.o
    0x20000de0   0x00000120   Zero   RW         5754    .bss                uartapplication.o
    0x20000f00   0x00000010   Zero   RW         5794    .bss                rtcapplication.o
    0x20000f10   0x00000210   Zero   RW         5836    .bss                radioapplication.o
    0x20001120   0x00000010   Zero   RW         5885    .bss                motorapplication.o
    0x20001130   0x00000400   Zero   RW          199    STACK               startup_stm32f103xb.o


==============================================================================

Image component sizes


      Code (inc. data)   RO Data    RW Data    ZI Data      Debug   Object Name

       328         98          4         20         16       1964   application.o
        92         20          0         12          0       1748   clock.o
       412         68         15         28          0       8783   ctimer.o
       494         40         12         24          0       6669   etimer.o
       208         52          0         10          0       3631   eval.o
       574         20          0          0       1024       5734   flash.o
       528         48         92          0         64       9031   gpio.o
        92         46          0          0         12       1199   iwdg.o
       126          0          0          0          0       3325   list.o
       336         42          0          0          0       2068   main.o
       356         96          6         20         16       2723   motorapplication.o
       802        102          0         12        384      13458   process.o
       534        116         16         41        528       4263   radioapplication.o
      1070        132         24         18         30       8634   rtc.o
       220         28          4         16         16       2382   rtcapplication.o
       288         60          0          0        264       3069   spi.o
        36          8        236          0       1024        900   startup_stm32f103xb.o
        98         16          0          4          0       3140   stm32f1xx_hal.o
       346         22          0          0          0      27398   stm32f1xx_hal_cortex.o
       176          4          0          0          0       1103   stm32f1xx_hal_dma.o
       516         50          0          0         32       4210   stm32f1xx_hal_flash.o
       256         26          0          0          0       2575   stm32f1xx_hal_flash_ex.o
       860         36          0          0          0       4515   stm32f1xx_hal_gpio.o
        94          0          0          0          0       1707   stm32f1xx_hal_iwdg.o
       148          8          0          0          0        830   stm32f1xx_hal_msp.o
        12          4          0          0          0        527   stm32f1xx_hal_pwr.o
      1844        120          0          0          0       6621   stm32f1xx_hal_rcc.o
       592         48          0          0          0       2417   stm32f1xx_hal_rcc_ex.o
       844         14          0          0          0       8064   stm32f1xx_hal_rtc.o
       124         10          0          0          0       2991   stm32f1xx_hal_rtc_ex.o
      2192          0          0          0          0       7284   stm32f1xx_hal_spi.o
       612         14          0          0          0       5479   stm32f1xx_hal_tim.o
         4          0          0          0          0       1558   stm32f1xx_hal_tim_ex.o
       174         20          0          0         64       2893   stm32f1xx_hal_timebase_tim_template.o
      1694         12          0          0          0       9423   stm32f1xx_hal_uart.o
        36          0          0          0          0       3930   stm32f1xx_it.o
        52         16          0         90        256      30735   sx1276-fsk.o
       286          0          0          0          0       4977   sx1276-hal.o
      1400        142        444         54        512      20467   sx1276-lora.o
      1060        102          0          0          0       7839   sx1276-loramisc.o
       446         68          0          2        112       7029   sx1276.o
        88         18         24          4          0     455531   system_stm32f1xx.o
        84         16          0          0         64       1657   tim.o
        56          0          0          0          0       2140   timer.o
       188         60          0          2        288       2381   uartapplication.o
       324         52          0          0        340       5625   usart.o

    ----------------------------------------------------------------------
     21132       1854        916        372       5048     714627   Object Totals
         0          0         32          0          0          0   (incl. Generated)
        30          0          7         15          2          0   (incl. Padding)

    ----------------------------------------------------------------------

      Code (inc. data)   RO Data    RW Data    ZI Data      Debug   Library Member Name

        86          0          0          0          0          0   __dczerorl2.o
         0          0          0          0          0          0   entry.o
         0          0          0          0          0          0   entry10a.o
         0          0          0          0          0          0   entry11a.o
         8          4          0          0          0          0   entry2.o
         4          0          0          0          0          0   entry5.o
         0          0          0          0          0          0   entry7b.o
         0          0          0          0          0          0   entry8b.o
         8          4          0          0          0          0   entry9a.o
        30          0          0          0          0          0   handlers.o
        36          8          0          0          0         68   init.o
         0          0          0          0          0          0   iusefp.o
        30          0          0          0          0         68   llshl.o
        36          0          0          0          0         68   llsshr.o
        32          0          0          0          0         68   llushr.o
        26          0          0          0          0         80   memcmp.o
        64          0          0          0          0         76   memmovea.o
        36          0          0          0          0        108   memseta.o
       736         56          0          0          0        184   printf5.o
         0          0          0          4          0          0   stdout.o
        98          0          0          0          0         92   uldiv.o
       334          0          0          0          0        148   dadd.o
       222          0          0          0          0        100   ddiv.o
       186          0          0          0          0        176   depilogue.o
        50          0          0          0          0         76   dfixui.o
        34          0          0          0          0         76   dflti.o
        26          0          0          0          0         76   dfltui.o
       228          0          0          0          0         96   dmul.o

    ----------------------------------------------------------------------
      2316         72          0          4          0       1560   Library Totals
         6          0          0          0          0          0   (incl. Padding)

    ----------------------------------------------------------------------

      Code (inc. data)   RO Data    RW Data    ZI Data      Debug   Library Name

      1230         72          0          4          0        812   mc_w.l
      1080          0          0          0          0        748   mf_w.l

    ----------------------------------------------------------------------
      2316         72          0          4          0       1560   Library Totals

    ----------------------------------------------------------------------

==============================================================================


      Code (inc. data)   RO Data    RW Data    ZI Data      Debug   

     23448       1926        916        376       5048     703055   Grand Totals
     23448       1926        916        132       5048     703055   ELF Image Totals (compressed)
     23448       1926        916        132          0          0   ROM Totals

==============================================================================

    Total RO  Size (Code + RO Data)                24364 (  23.79kB)
    Total RW  Size (RW Data + ZI Data)              5424 (   5.30kB)
    Total ROM Size (Code + RO Data + RW Data)      24496 (  23.92kB)

==============================================================================

